<html>
<body>
<pre>
<h1>µVision Build Log</h1>
<h2>Tool Versions:</h2>
IDE-Version: µVision V5.37.0.0
Copyright (C) 2022 ARM Ltd and ARM Germany GmbH. All rights reserved.
License Information: Yusuf Yigitbasi, Hacettepe University, LIC=----
 
Tool Versions:
Toolchain:       MDK-Lite  Version: 5.37.0.0
Toolchain Path:  C:\Keil_v5\ARM\ARMCLANG\Bin
C Compiler:      ArmClang.exe V6.18
Assembler:       Armasm.exe V6.18
Linker/Locator:  ArmLink.exe V6.18
Library Manager: ArmAr.exe V6.18
Hex Converter:   FromElf.exe V6.18
CPU DLL:         SARMCM3.DLL V5.37.0.0
Dialog DLL:      DCM.DLL V1.17.5.0
Target DLL:      STLink\ST-LINKIII-KEIL_SWO.dll V3.0.9.0
Dialog DLL:      TCM.DLL V1.56.1.0
 
<h2>Project:</h2>
D:\yyigitbasi_stm32_git\TIMER_project\timer_test_project.uvprojx
Project File Date:  12/21/2022

<h2>Output:</h2>
*** Using Compiler 'V6.18', folder: 'C:\Keil_v5\ARM\ARMCLANG\Bin'
Rebuild target 'Target 1'
assembling startup_stm32f10x_md.s...
printMsg.c(186): warning: implicitly declaring library function 'vsprintf' with type 'int (char *, const char *, __builtin_va_list)' [-Wimplicit-function-declaration]
        vsprintf(buff, msg, args);
        ^
printMsg.c(186): note: include the header <stdio.h> or explicitly provide a declaration for 'vsprintf'
printMsg.c(186): warning: format string is not a string literal [-Wformat-nonliteral]
        vsprintf(buff, msg, args);
                       ^~~
printMsg.c(199): warning: no newline at end of file [-Wnewline-eof]
        printer.Uart_instance = USART1; */
                                          ^
3 warnings generated.
compiling printMsg.c...
_TIM_CONFIG.c(180): warning: no previous prototype for function 'TIM2_IRQHandler' [-Wmissing-prototypes]
void TIM2_IRQHandler(void){
     ^
_TIM_CONFIG.c(180): note: declare 'static' if the function is not intended to be used outside of this translation unit
void TIM2_IRQHandler(void){
^
static 
_TIM_CONFIG.c(185): warning: no previous prototype for function 'TIM3_IRQHandler' [-Wmissing-prototypes]
void TIM3_IRQHandler(void){
     ^
_TIM_CONFIG.c(185): note: declare 'static' if the function is not intended to be used outside of this translation unit
void TIM3_IRQHandler(void){
^
static 
_TIM_CONFIG.c(190): warning: no previous prototype for function 'TIM4_IRQHandler' [-Wmissing-prototypes]
void TIM4_IRQHandler(void){
     ^
_TIM_CONFIG.c(190): note: declare 'static' if the function is not intended to be used outside of this translation unit
void TIM4_IRQHandler(void){
^
static 
_TIM_CONFIG.c(1): warning: In file included from...
./_TIM_CONFIG.h(5): warning: In file included from...
./_HAL_GPIO.h(73): warning: unused function 'config_pin' [-Wunused-function]
static void config_pin(GPIO_TypeDef *port, uint32_t pinNumber, uint32_t mode_type);
            ^
./_HAL_GPIO.h(74): warning: unused function 'config_pin_speed' [-Wunused-function]
static void config_pin_speed(GPIO_TypeDef *port, uint32_t pinNumber, uint32_t pinSpeed, uint32_t mode);
            ^
_TIM_CONFIG.c(2): warning: In file included from...
./printMsg.h(22): warning: unused function 'UsartBaudRateSet' [-Wunused-function]
static uint8_t UsartBaudRateSet(USART_TypeDef *UsartP, uint32_t baudR); 
               ^
6 warnings generated.
compiling _TIM_CONFIG.c...
RTE/Device/STM32F103C8/system_stm32f10x.c(166): warning: no previous extern declaration for non-static variable 'AHBPrescTable' [-Wmissing-variable-declarations]
__I uint8_t AHBPrescTable[16] = {0, 0, 0, 0, 0, 0, 0, 0, 1, 2, 3, 4, 6, 7, 8, 9};
            ^
RTE/Device/STM32F103C8/system_stm32f10x.c(166): note: declare 'static' if the variable is not intended to be used outside of this translation unit
__I uint8_t AHBPrescTable[16] = {0, 0, 0, 0, 0, 0, 0, 0, 1, 2, 3, 4, 6, 7, 8, 9};
    ^
1 warning generated.
compiling system_stm32f10x.c...
main.c(24): warning: mixing declarations and code is incompatible with standards before C99 [-Wdeclaration-after-statement]
        uint16_t x = 0;
                 ^
main.c(24): warning: variable 'x' set but not used [-Wunused-but-set-variable]
main.c(34): warning: no previous prototype for function 'EXTI4_IRQHandler' [-Wmissing-prototypes]
void EXTI4_IRQHandler(void){
     ^
main.c(34): note: declare 'static' if the function is not intended to be used outside of this translation unit
void EXTI4_IRQHandler(void){
^
static 
main.c(1): warning: In file included from...
./_TIM_CONFIG.h(5): warning: In file included from...
./_HAL_GPIO.h(73): warning: unused function 'config_pin' [-Wunused-function]
static void config_pin(GPIO_TypeDef *port, uint32_t pinNumber, uint32_t mode_type);
            ^
./_HAL_GPIO.h(74): warning: unused function 'config_pin_speed' [-Wunused-function]
static void config_pin_speed(GPIO_TypeDef *port, uint32_t pinNumber, uint32_t pinSpeed, uint32_t mode);
            ^
main.c(3): warning: In file included from...
./printMsg.h(22): warning: unused function 'UsartBaudRateSet' [-Wunused-function]
static uint8_t UsartBaudRateSet(USART_TypeDef *UsartP, uint32_t baudR); 
               ^
6 warnings generated.
compiling main.c...
_HAL_GPIO.c(9): warning: no previous extern declaration for non-static variable 'PINPOS' [-Wmissing-variable-declarations]
uint32_t PINPOS[16]= {//takes me to the 1st BIT in MODE
         ^
_HAL_GPIO.c(9): note: declare 'static' if the variable is not intended to be used outside of this translation unit
uint32_t PINPOS[16]= {//takes me to the 1st BIT in MODE
^
1 warning generated.
compiling _HAL_GPIO.c...
linking...
Program Size: Code=2424 RO-data=268 RW-data=64 ZI-data=1632  
".\Objects\timer_test_project.axf" - 0 Error(s), 17 Warning(s).

<h2>Software Packages used:</h2>

Package Vendor: ARM
                http://www.keil.com/pack/ARM.CMSIS.5.9.0.pack
                ARM.CMSIS.5.9.0
                CMSIS (Common Microcontroller Software Interface Standard)
   * Component: CORE Version: 5.6.0

Package Vendor: Keil
                http://www.keil.com/pack/Keil.STM32F1xx_DFP.2.4.0.pack
                Keil.STM32F1xx_DFP.2.4.0
                STMicroelectronics STM32F1 Series Device Support, Drivers and Examples
   * Component: Startup Version: 1.0.0

<h2>Collection of Component include folders:</h2>
  ./RTE/Device/STM32F103C8
  ./RTE/_Target_1
  C:/Users/Administrator/AppData/Local/Arm/Packs/ARM/CMSIS/5.9.0/CMSIS/Core/Include
  C:/Users/Administrator/AppData/Local/Arm/Packs/Keil/STM32F1xx_DFP/2.4.0/Device/Include

<h2>Collection of Component Files used:</h2>

   * Component: ARM::CMSIS:CORE:5.6.0

   * Component: Keil::Device:Startup:1.0.0
      Source file:   Device/Source/system_stm32f10x.c
      Source file:   Device/Source/ARM/startup_stm32f10x_md.s
      Include file:  RTE_Driver/Config/RTE_Device.h
      Source file:   Device/Source/ARM/STM32F1xx_OPT.s
Build Time Elapsed:  00:00:01
</pre>
</body>
</html>
