Component: Arm Compiler for Embedded 6.18 Tool: armlink [5e4cc100]

==============================================================================

Section Cross References

    startup_stm32f103xb.o(STACK) refers (Special) to heapauxi.o(.text) for __use_two_region_memory
    startup_stm32f103xb.o(HEAP) refers (Special) to heapauxi.o(.text) for __use_two_region_memory
    startup_stm32f103xb.o(RESET) refers (Special) to heapauxi.o(.text) for __use_two_region_memory
    startup_stm32f103xb.o(RESET) refers to startup_stm32f103xb.o(STACK) for __initial_sp
    startup_stm32f103xb.o(RESET) refers to startup_stm32f103xb.o(.text) for Reset_Handler
    startup_stm32f103xb.o(RESET) refers to stm32f1xx_it.o(.text.NMI_Handler) for NMI_Handler
    startup_stm32f103xb.o(RESET) refers to stm32f1xx_it.o(.text.HardFault_Handler) for HardFault_Handler
    startup_stm32f103xb.o(RESET) refers to stm32f1xx_it.o(.text.MemManage_Handler) for MemManage_Handler
    startup_stm32f103xb.o(RESET) refers to stm32f1xx_it.o(.text.BusFault_Handler) for BusFault_Handler
    startup_stm32f103xb.o(RESET) refers to stm32f1xx_it.o(.text.UsageFault_Handler) for UsageFault_Handler
    startup_stm32f103xb.o(RESET) refers to stm32f1xx_it.o(.text.SVC_Handler) for SVC_Handler
    startup_stm32f103xb.o(RESET) refers to stm32f1xx_it.o(.text.DebugMon_Handler) for DebugMon_Handler
    startup_stm32f103xb.o(RESET) refers to stm32f1xx_it.o(.text.PendSV_Handler) for PendSV_Handler
    startup_stm32f103xb.o(RESET) refers to stm32f1xx_it.o(.text.SysTick_Handler) for SysTick_Handler
    startup_stm32f103xb.o(RESET) refers to stm32f1xx_it.o(.text.DMA1_Channel2_IRQHandler) for DMA1_Channel2_IRQHandler
    startup_stm32f103xb.o(RESET) refers to stm32f1xx_it.o(.text.DMA1_Channel3_IRQHandler) for DMA1_Channel3_IRQHandler
    startup_stm32f103xb.o(RESET) refers to stm32f1xx_it.o(.text.DMA1_Channel4_IRQHandler) for DMA1_Channel4_IRQHandler
    startup_stm32f103xb.o(RESET) refers to stm32f1xx_it.o(.text.DMA1_Channel5_IRQHandler) for DMA1_Channel5_IRQHandler
    startup_stm32f103xb.o(RESET) refers to stm32f1xx_it.o(.text.DMA1_Channel6_IRQHandler) for DMA1_Channel6_IRQHandler
    startup_stm32f103xb.o(RESET) refers to stm32f1xx_it.o(.text.DMA1_Channel7_IRQHandler) for DMA1_Channel7_IRQHandler
    startup_stm32f103xb.o(RESET) refers to stm32f1xx_it.o(.text.USART2_IRQHandler) for USART2_IRQHandler
    startup_stm32f103xb.o(.text) refers (Special) to heapauxi.o(.text) for __use_two_region_memory
    startup_stm32f103xb.o(.text) refers to system_stm32f1xx.o(.text.SystemInit) for SystemInit
    startup_stm32f103xb.o(.text) refers to __main.o(!!!main) for __main
    startup_stm32f103xb.o(.text) refers to startup_stm32f103xb.o(HEAP) for Heap_Mem
    startup_stm32f103xb.o(.text) refers to startup_stm32f103xb.o(STACK) for Stack_Mem
    main.o(.text) refers (Special) to _printf_percent.o(.ARM.Collect$$_printf_percent$$00000000) for _printf_percent
    main.o(.text) refers (Special) to _printf_d.o(.ARM.Collect$$_printf_percent$$00000009) for _printf_d
    main.o(.text) refers (Special) to _printf_f.o(.ARM.Collect$$_printf_percent$$00000003) for _printf_f
    main.o(.text) refers (Special) to _printf_dec.o(.text) for _printf_int_dec
    main.o(.text) refers (Special) to printf1.o(x$fpl$printf1) for _printf_fp_dec
    main.o(.text.bno055_assignI2C) refers (Special) to _printf_percent.o(.ARM.Collect$$_printf_percent$$00000000) for _printf_percent
    main.o(.text.bno055_assignI2C) refers (Special) to _printf_d.o(.ARM.Collect$$_printf_percent$$00000009) for _printf_d
    main.o(.text.bno055_assignI2C) refers (Special) to _printf_f.o(.ARM.Collect$$_printf_percent$$00000003) for _printf_f
    main.o(.text.bno055_assignI2C) refers (Special) to _printf_dec.o(.text) for _printf_int_dec
    main.o(.text.bno055_assignI2C) refers (Special) to printf1.o(x$fpl$printf1) for _printf_fp_dec
    main.o(.text.bno055_assignI2C) refers to main.o(.bss._bno055_i2c_port) for _bno055_i2c_port
    main.o(.ARM.exidx.text.bno055_assignI2C) refers (Special) to _printf_percent.o(.ARM.Collect$$_printf_percent$$00000000) for _printf_percent
    main.o(.ARM.exidx.text.bno055_assignI2C) refers (Special) to _printf_d.o(.ARM.Collect$$_printf_percent$$00000009) for _printf_d
    main.o(.ARM.exidx.text.bno055_assignI2C) refers (Special) to _printf_f.o(.ARM.Collect$$_printf_percent$$00000003) for _printf_f
    main.o(.ARM.exidx.text.bno055_assignI2C) refers (Special) to _printf_dec.o(.text) for _printf_int_dec
    main.o(.ARM.exidx.text.bno055_assignI2C) refers (Special) to printf1.o(x$fpl$printf1) for _printf_fp_dec
    main.o(.ARM.exidx.text.bno055_assignI2C) refers to main.o(.text.bno055_assignI2C) for [Anonymous Symbol]
    main.o(.text.bno055_delay) refers (Special) to _printf_percent.o(.ARM.Collect$$_printf_percent$$00000000) for _printf_percent
    main.o(.text.bno055_delay) refers (Special) to _printf_d.o(.ARM.Collect$$_printf_percent$$00000009) for _printf_d
[...]
    [Anonymous Symbol]                       0x08002dbc   Section        0  stm32f1xx_hal_rcc.o(.text.HAL_RCC_ClockConfig)
    [Anonymous Symbol]                       0x08002f7c   Section        0  stm32f1xx_hal_rcc.o(.text.HAL_RCC_GetPCLK1Freq)
    [Anonymous Symbol]                       0x08002fa4   Section        0  stm32f1xx_hal_rcc.o(.text.HAL_RCC_GetPCLK2Freq)
    [Anonymous Symbol]                       0x08002fcc   Section        0  stm32f1xx_hal_rcc.o(.text.HAL_RCC_OscConfig)
    [Anonymous Symbol]                       0x08003380   Section        0  stm32f1xx_hal_spi.o(.text.HAL_SPI_Init)
    [Anonymous Symbol]                       0x0800342c   Section        0  spi.o(.text.HAL_SPI_MspInit)
    [Anonymous Symbol]                       0x0800350c   Section        0  stm32f1xx_hal_cortex.o(.text.HAL_SYSTICK_Config)
    [Anonymous Symbol]                       0x08003538   Section        0  stm32f1xx_hal_uart.o(.text.HAL_UARTEx_RxEventCallback)
    [Anonymous Symbol]                       0x0800353c   Section        0  stm32f1xx_hal_uart.o(.text.HAL_UART_ErrorCallback)
    [Anonymous Symbol]                       0x08003540   Section        0  stm32f1xx_hal_uart.o(.text.HAL_UART_IRQHandler)
    [Anonymous Symbol]                       0x080037ac   Section        0  stm32f1xx_hal_uart.o(.text.HAL_UART_Init)
    [Anonymous Symbol]                       0x08003888   Section        0  usart.o(.text.HAL_UART_MspInit)
    [Anonymous Symbol]                       0x080039f0   Section        0  stm32f1xx_hal_uart.o(.text.HAL_UART_RxCpltCallback)
    [Anonymous Symbol]                       0x080039f4   Section        0  stm32f1xx_hal_uart.o(.text.HAL_UART_TxCpltCallback)
    [Anonymous Symbol]                       0x080039f8   Section        0  stm32f1xx_it.o(.text.HardFault_Handler)
    I2C_DMAError                             0x080039fd   Thumb Code    58  stm32f1xx_hal_i2c.o(.text.I2C_DMAError)
    [Anonymous Symbol]                       0x080039fc   Section        0  stm32f1xx_hal_i2c.o(.text.I2C_DMAError)
    I2C_DMAXferCplt                          0x08003a39   Thumb Code   290  stm32f1xx_hal_i2c.o(.text.I2C_DMAXferCplt)
    [Anonymous Symbol]                       0x08003a38   Section        0  stm32f1xx_hal_i2c.o(.text.I2C_DMAXferCplt)
    I2C_RequestMemoryRead                    0x08003b5d   Thumb Code   798  stm32f1xx_hal_i2c.o(.text.I2C_RequestMemoryRead)
    [Anonymous Symbol]                       0x08003b5c   Section        0  stm32f1xx_hal_i2c.o(.text.I2C_RequestMemoryRead)
    I2C_RequestMemoryWrite                   0x08003e7d   Thumb Code   626  stm32f1xx_hal_i2c.o(.text.I2C_RequestMemoryWrite)
    [Anonymous Symbol]                       0x08003e7c   Section        0  stm32f1xx_hal_i2c.o(.text.I2C_RequestMemoryWrite)
    I2C_WaitOnBTFFlagUntilTimeout            0x080040f1   Thumb Code   168  stm32f1xx_hal_i2c.o(.text.I2C_WaitOnBTFFlagUntilTimeout)
    [Anonymous Symbol]                       0x080040f0   Section        0  stm32f1xx_hal_i2c.o(.text.I2C_WaitOnBTFFlagUntilTimeout)
    I2C_WaitOnFlagUntilTimeout               0x08004199   Thumb Code   336  stm32f1xx_hal_i2c.o(.text.I2C_WaitOnFlagUntilTimeout)
    [Anonymous Symbol]                       0x08004198   Section        0  stm32f1xx_hal_i2c.o(.text.I2C_WaitOnFlagUntilTimeout)
    I2C_WaitOnMasterAddressFlagUntilTimeout  0x080042e9   Thumb Code   184  stm32f1xx_hal_i2c.o(.text.I2C_WaitOnMasterAddressFlagUntilTimeout)
    [Anonymous Symbol]                       0x080042e8   Section        0  stm32f1xx_hal_i2c.o(.text.I2C_WaitOnMasterAddressFlagUntilTimeout)
    [Anonymous Symbol]                       0x080043a0   Section        0  dma.o(.text.MX_DMA_Init)
    [Anonymous Symbol]                       0x08004424   Section        0  gpio.o(.text.MX_GPIO_Init)
    [Anonymous Symbol]                       0x080044dc   Section        0  i2c.o(.text.MX_I2C1_Init)
    [Anonymous Symbol]                       0x08004520   Section        0  spi.o(.text.MX_SPI1_Init)
    [Anonymous Symbol]                       0x0800456c   Section        0  usart.o(.text.MX_USART1_UART_Init)
    [Anonymous Symbol]                       0x080045ac   Section        0  usart.o(.text.MX_USART2_UART_Init)
    [Anonymous Symbol]                       0x080045e8   Section        0  stm32f1xx_it.o(.text.MemManage_Handler)
    [Anonymous Symbol]                       0x080045ec   Section        0  stm32f1xx_it.o(.text.NMI_Handler)
    [Anonymous Symbol]                       0x080045f0   Section        0  stm32f1xx_it.o(.text.PendSV_Handler)
    [Anonymous Symbol]                       0x080045f4   Section        0  stm32f1xx_it.o(.text.SVC_Handler)
    [Anonymous Symbol]                       0x080045f8   Section        0  stm32f1xx_it.o(.text.SysTick_Handler)
    [Anonymous Symbol]                       0x080045fc   Section        0  system_stm32f1xx.o(.text.SystemInit)
    UART_DMAAbortOnError                     0x08004601   Thumb Code    12  stm32f1xx_hal_uart.o(.text.UART_DMAAbortOnError)
    [Anonymous Symbol]                       0x08004600   Section        0  stm32f1xx_hal_uart.o(.text.UART_DMAAbortOnError)
    UART_Receive_IT                          0x0800460d   Thumb Code   182  stm32f1xx_hal_uart.o(.text.UART_Receive_IT)
    [Anonymous Symbol]                       0x0800460c   Section        0  stm32f1xx_hal_uart.o(.text.UART_Receive_IT)
    [Anonymous Symbol]                       0x080046c4   Section        0  stm32f1xx_it.o(.text.USART2_IRQHandler)
    [Anonymous Symbol]                       0x080046d0   Section        0  stm32f1xx_it.o(.text.UsageFault_Handler)
    [Anonymous Symbol]                       0x080046d4   Section        0  main.o(.text.bno055_delay)
    [Anonymous Symbol]                       0x080046d8   Section        0  bno055.o(.text.bno055_getVector)
    [Anonymous Symbol]                       0x08004858   Section        0  bno055.o(.text.bno055_reset)
    [Anonymous Symbol]                       0x08004978   Section        0  bno055.o(.text.bno055_setOperationMode)
    [Anonymous Symbol]                       0x080049ac   Section        0  bno055.o(.text.bno055_setup)
    [Anonymous Symbol]                       0x08004a4c   Section        0  main.o(.text.bno055_writeData)
    [Anonymous Symbol]                       0x08004cd4   Section        0  main.o(.text.main)
    [Anonymous Symbol]                       0x08004e0c   Section        0  i2c_sensordriver.o(.text.read8bit)
    [Anonymous Symbol]                       0x08004e3c   Section        0  i2c_sensordriver.o(.text.readMultBytes)
    [Anonymous Symbol]                       0x08004e68   Section        0  i2c_sensordriver.o(.text.write8bit)
    CL$$btod_d2e                             0x08004ea0   Section       62  btod.o(CL$$btod_d2e)
    CL$$btod_d2e_denorm_low                  0x08004ede   Section       70  btod.o(CL$$btod_d2e_denorm_low)
    CL$$btod_d2e_norm_op1                    0x08004f24   Section       96  btod.o(CL$$btod_d2e_norm_op1)
    CL$$btod_div_common                      0x08004f84   Section      824  btod.o(CL$$btod_div_common)
    CL$$btod_e2e                             0x080052bc   Section      220  btod.o(CL$$btod_e2e)
    CL$$btod_ediv                            0x08005398   Section       42  btod.o(CL$$btod_ediv)
    CL$$btod_emul                            0x080053c2   Section       42  btod.o(CL$$btod_emul)
    CL$$btod_mult_common                     0x080053ec   Section      580  btod.o(CL$$btod_mult_common)
    i.__ARM_fpclassify                       0x08005630   Section        0  fpclassify.o(i.__ARM_fpclassify)
    i._is_digit                              0x08005658   Section        0  __printf_wp.o(i._is_digit)
    i.fputc                                  0x08005666   Section        0  fputc.o(i.fputc)
    locale$$code                             0x08005684   Section       44  lc_numeric_c.o(locale$$code)
    x$fpl$ddiv                               0x080056b0   Section      692  ddiv.o(x$fpl$ddiv)
    ddiv_entry                               0x080056b7   Thumb Code     0  ddiv.o(x$fpl$ddiv)
    x$fpl$dflt                               0x08005964   Section       46  dflt_clz.o(x$fpl$dflt)
    x$fpl$dfltu                              0x08005992   Section       38  dflt_clz.o(x$fpl$dfltu)
    x$fpl$dnaninf                            0x080059b8   Section      156  dnaninf.o(x$fpl$dnaninf)
    x$fpl$dretinf                            0x08005a54   Section       12  dretinf.o(x$fpl$dretinf)
    x$fpl$printf1                            0x08005a60   Section        4  printf1.o(x$fpl$printf1)
    uc_hextab                                0x08005a64   Data          20  _printf_hex_int.o(.constdata)
    .constdata                               0x08005a64   Section       40  _printf_hex_int.o(.constdata)
    x$fpl$usenofp                            0x08005a64   Section        0  usenofp.o(x$fpl$usenofp)
    lc_hextab                                0x08005a78   Data          20  _printf_hex_int.o(.constdata)
    maptable                                 0x08005a8c   Data          17  __printf_flags_wp.o(.constdata)
    .constdata                               0x08005a8c   Section       17  __printf_flags_wp.o(.constdata)
    tenpwrs_x                                0x08005aa0   Data          60  bigflt0.o(.constdata)
    .constdata                               0x08005aa0   Section      148  bigflt0.o(.constdata)
    tenpwrs_i                                0x08005adc   Data          64  bigflt0.o(.constdata)
    .constdata                               0x08005b34   Section        4  sys_io_names.o(.constdata)
    .constdata                               0x08005b38   Section        4  sys_io_names.o(.constdata)
    .constdata                               0x08005b3c   Section        4  sys_io_names.o(.constdata)
    .L__const.HAL_RCC_GetSysClockFreq.aPredivFactorTable 0x08005b40   Data           2  stm32f1xx_hal_rcc.o(.rodata..L__const.HAL_RCC_GetSysClockFreq.aPredivFactorTable)
    .L__const.HAL_RCC_GetSysClockFreq.aPLLMULFactorTable 0x08005b5a   Data          16  stm32f1xx_hal_rcc.o(.rodata.cst16)
    .Lstr.33                                 0x08005b6a   Data          19  main.o(.rodata.str1.1)
    [Anonymous Symbol]                       0x08005b6a   Section        0  main.o(.rodata.str1.1)
    .Lstr.35                                 0x08005b7d   Data          18  main.o(.rodata.str1.1)
    .Lstr.26                                 0x08005b8f   Data          22  main.o(.rodata.str1.1)
    .Lstr.24                                 0x08005ba5   Data          30  main.o(.rodata.str1.1)
    .Lstr.25                                 0x08005bc3   Data          30  main.o(.rodata.str1.1)
    .Lstr.36                                 0x08005be1   Data          20  main.o(.rodata.str1.1)
    .Lstr                                    0x08005bf5   Data          21  main.o(.rodata.str1.1)
    .Lstr.37                                 0x08005c0a   Data          20  main.o(.rodata.str1.1)
    .Lstr.34                                 0x08005c1e   Data          19  main.o(.rodata.str1.1)
    .Lstr.31                                 0x08005c31   Data          21  main.o(.rodata.str1.1)
    .Lstr.23                                 0x08005c46   Data          21  main.o(.rodata.str1.1)
    .Lstr.22                                 0x08005c5b   Data          23  main.o(.rodata.str1.1)
    .Lstr.32                                 0x08005c72   Data          23  main.o(.rodata.str1.1)
    .Lstr.27                                 0x08005c89   Data          23  main.o(.rodata.str1.1)
    .Lstr.28                                 0x08005ca0   Data          23  main.o(.rodata.str1.1)
    .Lstr.29                                 0x08005cb7   Data          20  main.o(.rodata.str1.1)
    .L.str.5                                 0x08005ccb   Data          21  bno055.o(.rodata.str1.1)
    [Anonymous Symbol]                       0x08005ccb   Section        0  bno055.o(.rodata.str1.1)
    .L.str                                   0x08005ce0   Data          41  bno055.o(.rodata.str1.1)
    .L.str.4                                 0x08005d09   Data          24  bno055.o(.rodata.str1.1)
    .L.str.3                                 0x08005d21   Data          24  bno055.o(.rodata.str1.1)
    .L.str.2                                 0x08005d39   Data          25  bno055.o(.rodata.str1.1)
    .L.str.1                                 0x08005d52   Data          24  bno055.o(.rodata.str1.1)
    .L.str.11                                0x08005d6a   Data          30  bno055.o(.rodata.str1.1)
    .L.str.17                                0x08005d6a   Data          43  bno055.o(.rodata.str1.1)
    .L.str.12                                0x08005d88   Data          41  bno055.o(.rodata.str1.1)
    .L.str.15                                0x08005db1   Data          33  bno055.o(.rodata.str1.1)
    locale$$data                             0x08005db8   Section       28  lc_numeric_c.o(locale$$data)
    __lcnum_c_name                           0x08005dbc   Data           2  lc_numeric_c.o(locale$$data)
    __lcnum_c_start                          0x08005dc4   Data           0  lc_numeric_c.o(locale$$data)
    __lcnum_c_point                          0x08005dd0   Data           0  lc_numeric_c.o(locale$$data)
    .L.str.16                                0x08005dd2   Data          38  bno055.o(.rodata.str1.1)
    __lcnum_c_thousands                      0x08005dd2   Data           0  lc_numeric_c.o(locale$$data)
    __lcnum_c_grouping                       0x08005dd3   Data           0  lc_numeric_c.o(locale$$data)
    __lcnum_c_end                            0x08005dd4   Data           0  lc_numeric_c.o(locale$$data)
    .data                                    0x20000000   Section        4  stdio_streams.o(.data)
    .data                                    0x20000004   Section        4  stdio_streams.o(.data)
    .data                                    0x20000008   Section        4  stdio_streams.o(.data)
    .L_MergedGlobals                         0x2000000c   Data           8  stm32f1xx_hal.o(.data..L_MergedGlobals)
    [Anonymous Symbol]                       0x2000000c   Section        0  stm32f1xx_hal.o(.data..L_MergedGlobals)
    .L_MergedGlobals                         0x20000014   Data          10  bno055.o(.data..L_MergedGlobals)
    [Anonymous Symbol]                       0x20000014   Section        0  bno055.o(.data..L_MergedGlobals)
    .bss                                     0x20000028   Section       84  stdio_streams.o(.bss)
    .bss                                     0x2000007c   Section       84  stdio_streams.o(.bss)
    .bss                                     0x200000d0   Section       84  stdio_streams.o(.bss)
    .bss                                     0x20000124   Section       96  libspace.o(.bss)
    Heap_Mem                                 0x20000458   Data         512  startup_stm32f103xb.o(HEAP)
    HEAP                                     0x20000458   Section      512  startup_stm32f103xb.o(HEAP)
    Stack_Mem                                0x20000658   Data        1024  startup_stm32f103xb.o(STACK)
    STACK                                    0x20000658   Section     1024  startup_stm32f103xb.o(STACK)
    __initial_sp                             0x20000a58   Data           0  startup_stm32f103xb.o(STACK)

    Global Symbols

    Symbol Name                              Value     Ov Type        Size  Object(Section)

    BuildAttributes$$THM_ISAv4$P$D$K$B$S$PE$A:L22UL41UL21$X:L11$S22US41US21$IEEE1$IW$~IW$USESV6$~STKCKD$USESV7$~SHL$OTIME$ROPI$IEEEX$EBA8$UX$STANDARDLIB$REQ8$PRES8$EABIv2 0x00000000   Number         0  anon$$obj.o ABSOLUTE
    __fp_init_empty                          0x00000000   Number         0  fpinit_empty.o ABSOLUTE
    _printf_flags                            0x00000000   Number         0  printf_stubs.o ABSOLUTE
    _printf_return_value                     0x00000000   Number         0  printf_stubs.o ABSOLUTE
    _printf_sizespec                         0x00000000   Number         0  printf_stubs.o ABSOLUTE
    _printf_widthprec                        0x00000000   Number         0  printf_stubs.o ABSOLUTE
    __ARM_exceptions_init                     - Undefined Weak Reference
    __alloca_initialize                       - Undefined Weak Reference
    __arm_preinit_                            - Undefined Weak Reference
    __arm_relocate_pie_                       - Undefined Weak Reference
    __cpp_initialize__aeabi_                  - Undefined Weak Reference
    __cxa_finalize                            - Undefined Weak Reference
    __sigvec_lookup                           - Undefined Weak Reference
    __user_heap_extent                        - Undefined Weak Reference
    _atexit_init                              - Undefined Weak Reference
    _call_atexit_fns                          - Undefined Weak Reference
    _clock_init                               - Undefined Weak Reference
    _fp_trap_init                             - Undefined Weak Reference
    _fp_trap_shutdown                         - Undefined Weak Reference
    _get_lc_collate                           - Undefined Weak Reference
    _get_lc_ctype                             - Undefined Weak Reference
    _get_lc_monetary                          - Undefined Weak Reference
    _get_lc_time                              - Undefined Weak Reference
    _getenv_init                              - Undefined Weak Reference
    _handle_redirection                       - Undefined Weak Reference
    _mutex_acquire                            - Undefined Weak Reference
    _mutex_free                               - Undefined Weak Reference
    _mutex_release                            - Undefined Weak Reference
    _printf_truncate_signed                   - Undefined Weak Reference
    _printf_truncate_unsigned                 - Undefined Weak Reference
    _rand_init                                - Undefined Weak Reference
    _signal_finish                            - Undefined Weak Reference
    _signal_init                              - Undefined Weak Reference
    __Vectors_Size                           0x000000ec   Number         0  startup_stm32f103xb.o ABSOLUTE
    __Vectors                                0x08000000   Data           4  startup_stm32f103xb.o(RESET)
    __Vectors_End                            0x080000ec   Data           0  startup_stm32f103xb.o(RESET)
    __main                                   0x080000ed   Thumb Code     8  __main.o(!!!main)
    __scatterload                            0x080000f5   Thumb Code     0  __scatter.o(!!!scatter)
    __scatterload_rt2                        0x080000f5   Thumb Code    44  __scatter.o(!!!scatter)
    __scatterload_rt2_thumb_only             0x080000f5   Thumb Code     0  __scatter.o(!!!scatter)
    __scatterload_null                       0x08000103   Thumb Code     0  __scatter.o(!!!scatter)
    __scatterload_copy                       0x08000129   Thumb Code    26  __scatter_copy.o(!!handler_copy)
    __scatterload_zeroinit                   0x08000145   Thumb Code    28  __scatter_zi.o(!!handler_zi)
    _printf_f                                0x08000161   Thumb Code     0  _printf_f.o(.ARM.Collect$$_printf_percent$$00000003)
    _printf_percent                          0x08000161   Thumb Code     0  _printf_percent.o(.ARM.Collect$$_printf_percent$$00000000)
    _printf_d                                0x08000167   Thumb Code     0  _printf_d.o(.ARM.Collect$$_printf_percent$$00000009)
    _printf_x                                0x0800016d   Thumb Code     0  _printf_x.o(.ARM.Collect$$_printf_percent$$0000000C)
    _printf_percent_end                      0x08000173   Thumb Code     0  _printf_percent_end.o(.ARM.Collect$$_printf_percent$$00000017)
    __rt_lib_init                            0x08000177   Thumb Code     0  libinit.o(.ARM.Collect$$libinit$$00000000)
    __rt_lib_init_fp_1                       0x08000179   Thumb Code     0  libinit2.o(.ARM.Collect$$libinit$$00000002)
    __rt_lib_init_heap_2                     0x08000179   Thumb Code     0  libinit2.o(.ARM.Collect$$libinit$$00000007)
    __rt_lib_init_preinit_1                  0x08000179   Thumb Code     0  libinit2.o(.ARM.Collect$$libinit$$00000006)
    __rt_lib_init_relocate_pie_1             0x08000179   Thumb Code     0  libinit2.o(.ARM.Collect$$libinit$$00000004)
    __rt_lib_init_heap_1                     0x08000181   Thumb Code     0  libinit2.o(.ARM.Collect$$libinit$$0000000C)
    __rt_lib_init_lc_common                  0x08000181   Thumb Code     0  libinit2.o(.ARM.Collect$$libinit$$00000011)
    __rt_lib_init_rand_1                     0x08000181   Thumb Code     0  libinit2.o(.ARM.Collect$$libinit$$00000010)
    __rt_lib_init_user_alloc_1               0x08000181   Thumb Code     0  libinit2.o(.ARM.Collect$$libinit$$0000000E)
    __rt_lib_init_lc_collate_1               0x08000187   Thumb Code     0  libinit2.o(.ARM.Collect$$libinit$$00000013)
    __rt_lib_init_lc_ctype_1                 0x08000187   Thumb Code     0  libinit2.o(.ARM.Collect$$libinit$$00000015)
    __rt_lib_init_lc_monetary_1              0x08000187   Thumb Code     0  libinit2.o(.ARM.Collect$$libinit$$00000017)
    __rt_lib_init_lc_numeric_2               0x08000187   Thumb Code     0  libinit2.o(.ARM.Collect$$libinit$$00000018)
    __rt_lib_init_atexit_1                   0x08000191   Thumb Code     0  libinit2.o(.ARM.Collect$$libinit$$0000001D)
    __rt_lib_init_clock_1                    0x08000191   Thumb Code     0  libinit2.o(.ARM.Collect$$libinit$$00000023)
    __rt_lib_init_fp_trap_1                  0x08000191   Thumb Code     0  libinit2.o(.ARM.Collect$$libinit$$00000021)
    __rt_lib_init_getenv_1                   0x08000191   Thumb Code     0  libinit2.o(.ARM.Collect$$libinit$$00000025)
    __rt_lib_init_lc_numeric_1               0x08000191   Thumb Code     0  libinit2.o(.ARM.Collect$$libinit$$00000019)
    __rt_lib_init_lc_time_1                  0x08000191   Thumb Code     0  libinit2.o(.ARM.Collect$$libinit$$0000001B)
    __rt_lib_init_signal_1                   0x08000191   Thumb Code     0  libinit2.o(.ARM.Collect$$libinit$$0000001F)
    __rt_lib_init_stdio_2                    0x08000191   Thumb Code     0  libinit2.o(.ARM.Collect$$libinit$$00000026)
    __rt_lib_init_alloca_1                   0x08000195   Thumb Code     0  libinit2.o(.ARM.Collect$$libinit$$00000030)
    __rt_lib_init_argv_1                     0x08000195   Thumb Code     0  libinit2.o(.ARM.Collect$$libinit$$0000002E)
    __rt_lib_init_cpp_1                      0x08000195   Thumb Code     0  libinit2.o(.ARM.Collect$$libinit$$00000034)
    __rt_lib_init_exceptions_1               0x08000195   Thumb Code     0  libinit2.o(.ARM.Collect$$libinit$$00000032)
    __rt_lib_init_return                     0x08000195   Thumb Code     0  libinit2.o(.ARM.Collect$$libinit$$00000035)
    __rt_lib_init_stdio_1                    0x08000195   Thumb Code     0  libinit2.o(.ARM.Collect$$libinit$$00000027)
    __rt_lib_shutdown                        0x08000197   Thumb Code     0  libshutdown.o(.ARM.Collect$$libshutdown$$00000000)
    __rt_lib_shutdown_cpp_1                  0x08000199   Thumb Code     0  libshutdown2.o(.ARM.Collect$$libshutdown$$00000002)
    __rt_lib_shutdown_stdio_2                0x08000199   Thumb Code     0  libshutdown2.o(.ARM.Collect$$libshutdown$$00000003)
    __rt_lib_shutdown_fp_trap_1              0x0800019d   Thumb Code     0  libshutdown2.o(.ARM.Collect$$libshutdown$$00000007)
    __rt_lib_shutdown_heap_1                 0x0800019d   Thumb Code     0  libshutdown2.o(.ARM.Collect$$libshutdown$$0000000F)
    __rt_lib_shutdown_return                 0x0800019d   Thumb Code     0  libshutdown2.o(.ARM.Collect$$libshutdown$$00000010)
    __rt_lib_shutdown_signal_1               0x0800019d   Thumb Code     0  libshutdown2.o(.ARM.Collect$$libshutdown$$0000000A)
    __rt_lib_shutdown_stdio_1                0x0800019d   Thumb Code     0  libshutdown2.o(.ARM.Collect$$libshutdown$$00000004)
    __rt_lib_shutdown_user_alloc_1           0x0800019d   Thumb Code     0  libshutdown2.o(.ARM.Collect$$libshutdown$$0000000C)
    __rt_entry                               0x0800019f   Thumb Code     0  __rtentry.o(.ARM.Collect$$rtentry$$00000000)
    __rt_entry_presh_1                       0x0800019f   Thumb Code     0  __rtentry2.o(.ARM.Collect$$rtentry$$00000002)
    __rt_entry_sh                            0x0800019f   Thumb Code     0  __rtentry4.o(.ARM.Collect$$rtentry$$00000004)
    __rt_entry_li                            0x080001a5   Thumb Code     0  __rtentry2.o(.ARM.Collect$$rtentry$$0000000A)
    __rt_entry_postsh_1                      0x080001a5   Thumb Code     0  __rtentry2.o(.ARM.Collect$$rtentry$$00000009)
    __rt_entry_main                          0x080001a9   Thumb Code     0  __rtentry2.o(.ARM.Collect$$rtentry$$0000000D)
    __rt_entry_postli_1                      0x080001a9   Thumb Code     0  __rtentry2.o(.ARM.Collect$$rtentry$$0000000C)
    __rt_exit                                0x080001b1   Thumb Code     0  rtexit.o(.ARM.Collect$$rtexit$$00000000)
    __rt_exit_ls                             0x080001b3   Thumb Code     0  rtexit2.o(.ARM.Collect$$rtexit$$00000003)
    __rt_exit_prels_1                        0x080001b3   Thumb Code     0  rtexit2.o(.ARM.Collect$$rtexit$$00000002)
    __rt_exit_exit                           0x080001b7   Thumb Code     0  rtexit2.o(.ARM.Collect$$rtexit$$00000004)
    Reset_Handler                            0x080001bd   Thumb Code     8  startup_stm32f103xb.o(.text)
    ADC1_2_IRQHandler                        0x080001d7   Thumb Code     0  startup_stm32f103xb.o(.text)
    CAN1_RX1_IRQHandler                      0x080001d7   Thumb Code     0  startup_stm32f103xb.o(.text)
    CAN1_SCE_IRQHandler                      0x080001d7   Thumb Code     0  startup_stm32f103xb.o(.text)
    DMA1_Channel1_IRQHandler                 0x080001d7   Thumb Code     0  startup_stm32f103xb.o(.text)
    EXTI0_IRQHandler                         0x080001d7   Thumb Code     0  startup_stm32f103xb.o(.text)
    EXTI15_10_IRQHandler                     0x080001d7   Thumb Code     0  startup_stm32f103xb.o(.text)
    EXTI1_IRQHandler                         0x080001d7   Thumb Code     0  startup_stm32f103xb.o(.text)
    EXTI2_IRQHandler                         0x080001d7   Thumb Code     0  startup_stm32f103xb.o(.text)
    EXTI3_IRQHandler                         0x080001d7   Thumb Code     0  startup_stm32f103xb.o(.text)
    EXTI4_IRQHandler                         0x080001d7   Thumb Code     0  startup_stm32f103xb.o(.text)
    EXTI9_5_IRQHandler                       0x080001d7   Thumb Code     0  startup_stm32f103xb.o(.text)
    FLASH_IRQHandler                         0x080001d7   Thumb Code     0  startup_stm32f103xb.o(.text)
    I2C1_ER_IRQHandler                       0x080001d7   Thumb Code     0  startup_stm32f103xb.o(.text)
    I2C1_EV_IRQHandler                       0x080001d7   Thumb Code     0  startup_stm32f103xb.o(.text)
    I2C2_ER_IRQHandler                       0x080001d7   Thumb Code     0  startup_stm32f103xb.o(.text)
    I2C2_EV_IRQHandler                       0x080001d7   Thumb Code     0  startup_stm32f103xb.o(.text)
    PVD_IRQHandler                           0x080001d7   Thumb Code     0  startup_stm32f103xb.o(.text)
    RCC_IRQHandler                           0x080001d7   Thumb Code     0  startup_stm32f103xb.o(.text)
    RTC_Alarm_IRQHandler                     0x080001d7   Thumb Code     0  startup_stm32f103xb.o(.text)
    RTC_IRQHandler                           0x080001d7   Thumb Code     0  startup_stm32f103xb.o(.text)
    SPI1_IRQHandler                          0x080001d7   Thumb Code     0  startup_stm32f103xb.o(.text)
    SPI2_IRQHandler                          0x080001d7   Thumb Code     0  startup_stm32f103xb.o(.text)
    TAMPER_IRQHandler                        0x080001d7   Thumb Code     0  startup_stm32f103xb.o(.text)
    TIM1_BRK_IRQHandler                      0x080001d7   Thumb Code     0  startup_stm32f103xb.o(.text)
    TIM1_CC_IRQHandler                       0x080001d7   Thumb Code     0  startup_stm32f103xb.o(.text)
    TIM1_TRG_COM_IRQHandler                  0x080001d7   Thumb Code     0  startup_stm32f103xb.o(.text)
    TIM1_UP_IRQHandler                       0x080001d7   Thumb Code     0  startup_stm32f103xb.o(.text)
    TIM2_IRQHandler                          0x080001d7   Thumb Code     0  startup_stm32f103xb.o(.text)
    TIM3_IRQHandler                          0x080001d7   Thumb Code     0  startup_stm32f103xb.o(.text)
    TIM4_IRQHandler                          0x080001d7   Thumb Code     0  startup_stm32f103xb.o(.text)
    USART1_IRQHandler                        0x080001d7   Thumb Code     0  startup_stm32f103xb.o(.text)
    USART3_IRQHandler                        0x080001d7   Thumb Code     0  startup_stm32f103xb.o(.text)
    USBWakeUp_IRQHandler                     0x080001d7   Thumb Code     0  startup_stm32f103xb.o(.text)
    USB_HP_CAN1_TX_IRQHandler                0x080001d7   Thumb Code     0  startup_stm32f103xb.o(.text)
    USB_LP_CAN1_RX0_IRQHandler               0x080001d7   Thumb Code     0  startup_stm32f103xb.o(.text)
    WWDG_IRQHandler                          0x080001d7   Thumb Code     0  startup_stm32f103xb.o(.text)
    __user_initial_stackheap                 0x080001d9   Thumb Code     0  startup_stm32f103xb.o(.text)
    __2printf                                0x080001fd   Thumb Code    20  noretval__2printf.o(.text)
    _printf_pre_padding                      0x08000215   Thumb Code    44  _printf_pad.o(.text)
    _printf_post_padding                     0x08000241   Thumb Code    34  _printf_pad.o(.text)
    _printf_int_dec                          0x08000265   Thumb Code   104  _printf_dec.o(.text)
    _printf_int_hex                          0x080002dd   Thumb Code    84  _printf_hex_int.o(.text)
    _printf_longlong_hex                     0x080002dd   Thumb Code     0  _printf_hex_int.o(.text)
    __printf                                 0x08000335   Thumb Code   308  __printf_flags_wp.o(.text)
    puts                                     0x0800046d   Thumb Code    40  puts.o(.text)
    __use_two_region_memory                  0x08000499   Thumb Code     2  heapauxi.o(.text)
    __rt_heap_escrow                         0x0800049b   Thumb Code     2  heapauxi.o(.text)
    __rt_heap_expand                         0x0800049d   Thumb Code     2  heapauxi.o(.text)
    _printf_int_common                       0x0800049f   Thumb Code   178  _printf_intcommon.o(.text)
    _printf_fp_dec_real                      0x08000701   Thumb Code   620  _printf_fp_dec.o(.text)
    _printf_char_file                        0x0800096d   Thumb Code    32  _printf_char_file.o(.text)
    __rt_locale                              0x08000991   Thumb Code     8  rt_locale_intlibspace.o(.text)
    __aeabi_errno_addr                       0x08000999   Thumb Code     8  rt_errno_addr_intlibspace.o(.text)
    __errno$intlibspace                      0x08000999   Thumb Code     0  rt_errno_addr_intlibspace.o(.text)
    __rt_errno_addr$intlibspace              0x08000999   Thumb Code     0  rt_errno_addr_intlibspace.o(.text)
    _ll_udiv10                               0x080009a1   Thumb Code   138  lludiv10.o(.text)
    _printf_char_common                      0x08000a37   Thumb Code    32  _printf_char_common.o(.text)
    _printf_fp_infnan                        0x08000a5d   Thumb Code   112  _printf_fp_infnan.o(.text)
    _btod_etento                             0x08000add   Thumb Code   224  bigflt0.o(.text)
    ferror                                   0x08000bc1   Thumb Code     8  ferror.o(.text)
    __flsbuf                                 0x08000bc9   Thumb Code   482  flsbuf.o(.text)
    __flsbuf_byte                            0x08000bc9   Thumb Code     0  flsbuf.o(.text)
    __flsbuf_wide                            0x08000bc9   Thumb Code     0  flsbuf.o(.text)
    _initio                                  0x08000dad   Thumb Code   210  initio.o(.text)
    _terminateio                             0x08000e7f   Thumb Code    56  initio.o(.text)
    _sys_open                                0x08000ee5   Thumb Code    20  sys_io.o(.text)
    _sys_close                               0x08000ef9   Thumb Code    12  sys_io.o(.text)
    _sys_write                               0x08000f05   Thumb Code    16  sys_io.o(.text)
    _sys_read                                0x08000f15   Thumb Code    14  sys_io.o(.text)
    _sys_istty                               0x08000f23   Thumb Code    12  sys_io.o(.text)
    _sys_seek                                0x08000f2f   Thumb Code    14  sys_io.o(.text)
    _sys_ensure                              0x08000f3d   Thumb Code     2  sys_io.o(.text)
    _sys_flen                                0x08000f3f   Thumb Code    12  sys_io.o(.text)
    __user_libspace                          0x08000f4d   Thumb Code     8  libspace.o(.text)
    __user_perproc_libspace                  0x08000f4d   Thumb Code     0  libspace.o(.text)
    __user_perthread_libspace                0x08000f4d   Thumb Code     0  libspace.o(.text)
    __user_setup_stackheap                   0x08000f55   Thumb Code    74  sys_stackheap_outer.o(.text)
    malloc                                   0x08000f9f   Thumb Code    94  h1_alloc.o(.text)
    free                                     0x08000ffd   Thumb Code    78  h1_free.o(.text)
    setvbuf                                  0x0800104b   Thumb Code    70  setvbuf.o(.text)
    _seterr                                  0x08001091   Thumb Code    20  stdio.o(.text)
    _writebuf                                0x080010a5   Thumb Code    84  stdio.o(.text)
    _fflush                                  0x080010f9   Thumb Code    70  stdio.o(.text)
    _deferredlazyseek                        0x0800113f   Thumb Code    60  stdio.o(.text)
    freopen                                  0x08001181   Thumb Code   160  fopen.o(.text)
    fopen                                    0x08001221   Thumb Code    74  fopen.o(.text)
    _fclose_internal                         0x08001271   Thumb Code    76  fclose.o(.text)
    fclose                                   0x08001271   Thumb Code     0  fclose.o(.text)
    exit                                     0x080012bd   Thumb Code    18  exit.o(.text)
    __rt_SIGRTRED                            0x080012cf   Thumb Code    14  defsig_rtred_outer.o(.text)
    __aeabi_memclr4                          0x080012dd   Thumb Code     0  rt_memclr_w.o(.text)
    __aeabi_memclr8                          0x080012dd   Thumb Code     0  rt_memclr_w.o(.text)
    __rt_memclr_w                            0x080012dd   Thumb Code     0  rt_memclr_w.o(.text)
    _memset_w                                0x080012e1   Thumb Code    74  rt_memclr_w.o(.text)
    strcmp                                   0x0800132d   Thumb Code   128  strcmpv7m.o(.text)
    __I$use$semihosting                      0x080013ad   Thumb Code     0  use_no_semi.o(.text)
    __use_no_semihosting_swi                 0x080013ad   Thumb Code     2  use_no_semi.o(.text)
    __semihosting_library_function           0x080013af   Thumb Code     0  indicate_semi.o(.text)
    __rt_heap_descriptor                     0x080013b1   Thumb Code     8  rt_heap_descriptor_intlibspace.o(.text)
    __use_no_heap                            0x080013b9   Thumb Code     2  hguard.o(.text)
    __heap$guard                             0x080013bb   Thumb Code     2  hguard.o(.text)
    _terminate_user_alloc                    0x080013bd   Thumb Code     2  init_alloc.o(.text)
    _init_user_alloc                         0x080013bf   Thumb Code     2  init_alloc.o(.text)
    __Heap_Full                              0x080013c1   Thumb Code    34  init_alloc.o(.text)
    __Heap_Broken                            0x080013e3   Thumb Code     6  init_alloc.o(.text)
    _init_alloc                              0x080013e9   Thumb Code    94  init_alloc.o(.text)
    __Heap_Initialize                        0x08001447   Thumb Code    10  h1_init.o(.text)
    __Heap_DescSize                          0x08001451   Thumb Code     4  h1_init.o(.text)
    _fseek                                   0x08001455   Thumb Code   242  fseek.o(.text)
    fseek                                    0x08001455   Thumb Code     0  fseek.o(.text)
    __sig_exit                               0x0800154d   Thumb Code    10  defsig_exit.o(.text)
    __rt_SIGRTRED_inner                      0x08001559   Thumb Code    14  defsig_rtred_inner.o(.text)
    strlen                                   0x0800158d   Thumb Code    62  strlen.o(.text)
    _sys_exit                                0x080015cd   Thumb Code     8  sys_exit.o(.text)
    __Heap_ProvideMemory                     0x080015d9   Thumb Code    52  h1_extend.o(.text)
    _maybe_terminate_alloc                   0x080015d9   Thumb Code     0  maybetermalloc1.o(.text)
    _ftell_internal                          0x0800160d   Thumb Code    66  ftell.o(.text)
    ftell                                    0x0800160d   Thumb Code     0  ftell.o(.text)
    __default_signal_display                 0x0800164f   Thumb Code    50  defsig_general.o(.text)
    __rt_SIGRTMEM                            0x08001681   Thumb Code    14  defsig_rtmem_outer.o(.text)
    _ttywrch                                 0x0800168f   Thumb Code    14  sys_wrch.o(.text)
    __rt_SIGRTMEM_inner                      0x0800169d   Thumb Code    22  defsig_rtmem_inner.o(.text)
    BusFault_Handler                         0x080016ed   Thumb Code     2  stm32f1xx_it.o(.text.BusFault_Handler)
    DMA1_Channel2_IRQHandler                 0x080016f1   Thumb Code    12  stm32f1xx_it.o(.text.DMA1_Channel2_IRQHandler)
    DMA1_Channel3_IRQHandler                 0x080016fd   Thumb Code    12  stm32f1xx_it.o(.text.DMA1_Channel3_IRQHandler)
    DMA1_Channel4_IRQHandler                 0x08001709   Thumb Code    12  stm32f1xx_it.o(.text.DMA1_Channel4_IRQHandler)
    DMA1_Channel5_IRQHandler                 0x08001715   Thumb Code    12  stm32f1xx_it.o(.text.DMA1_Channel5_IRQHandler)
    DMA1_Channel6_IRQHandler                 0x08001721   Thumb Code    12  stm32f1xx_it.o(.text.DMA1_Channel6_IRQHandler)
    DMA1_Channel7_IRQHandler                 0x0800172d   Thumb Code    12  stm32f1xx_it.o(.text.DMA1_Channel7_IRQHandler)
    DebugMon_Handler                         0x08001739   Thumb Code     2  stm32f1xx_it.o(.text.DebugMon_Handler)
    Error_Handler                            0x0800173d   Thumb Code    10  main.o(.text.Error_Handler)
    HAL_DMA_Abort                            0x08001749   Thumb Code    70  stm32f1xx_hal_dma.o(.text.HAL_DMA_Abort)
    HAL_DMA_Abort_IT                         0x08001791   Thumb Code   170  stm32f1xx_hal_dma.o(.text.HAL_DMA_Abort_IT)
    HAL_DMA_IRQHandler                       0x0800183d   Thumb Code   412  stm32f1xx_hal_dma.o(.text.HAL_DMA_IRQHandler)
    HAL_DMA_Init                             0x080019d9   Thumb Code   118  stm32f1xx_hal_dma.o(.text.HAL_DMA_Init)
    HAL_DMA_Start_IT                         0x08001a51   Thumb Code   156  stm32f1xx_hal_dma.o(.text.HAL_DMA_Start_IT)
    HAL_Delay                                0x08001aed   Thumb Code    40  stm32f1xx_hal.o(.text.HAL_Delay)
    HAL_GPIO_Init                            0x08001b15   Thumb Code   530  stm32f1xx_hal_gpio.o(.text.HAL_GPIO_Init)
    HAL_GPIO_WritePin                        0x08001d29   Thumb Code    10  stm32f1xx_hal_gpio.o(.text.HAL_GPIO_WritePin)
    HAL_GetTick                              0x08001d35   Thumb Code    12  stm32f1xx_hal.o(.text.HAL_GetTick)
    HAL_I2C_ErrorCallback                    0x08001d41   Thumb Code     2  stm32f1xx_hal_i2c.o(.text.HAL_I2C_ErrorCallback)
    HAL_I2C_GetError                         0x08001d45   Thumb Code     4  stm32f1xx_hal_i2c.o(.text.HAL_I2C_GetError)
    HAL_I2C_GetState                         0x08001d49   Thumb Code     6  stm32f1xx_hal_i2c.o(.text.HAL_I2C_GetState)
    HAL_I2C_Init                             0x08001d51   Thumb Code   374  stm32f1xx_hal_i2c.o(.text.HAL_I2C_Init)
    HAL_I2C_MasterRxCpltCallback             0x08001ec9   Thumb Code     2  stm32f1xx_hal_i2c.o(.text.HAL_I2C_MasterRxCpltCallback)
    HAL_I2C_Master_Transmit                  0x08001ecd   Thumb Code  1144  stm32f1xx_hal_i2c.o(.text.HAL_I2C_Master_Transmit)
    HAL_I2C_MemRxCpltCallback                0x08002345   Thumb Code     2  stm32f1xx_hal_i2c.o(.text.HAL_I2C_MemRxCpltCallback)
    HAL_I2C_Mem_Read                         0x08002349   Thumb Code  1078  stm32f1xx_hal_i2c.o(.text.HAL_I2C_Mem_Read)
    HAL_I2C_Mem_Read_DMA                     0x08002781   Thumb Code   544  stm32f1xx_hal_i2c.o(.text.HAL_I2C_Mem_Read_DMA)
    HAL_I2C_Mem_Write                        0x080029a1   Thumb Code   474  stm32f1xx_hal_i2c.o(.text.HAL_I2C_Mem_Write)
    HAL_I2C_MspInit                          0x08002b7d   Thumb Code   206  i2c.o(.text.HAL_I2C_MspInit)
    HAL_I2C_SlaveRxCpltCallback              0x08002c4d   Thumb Code     2  stm32f1xx_hal_i2c.o(.text.HAL_I2C_SlaveRxCpltCallback)
    HAL_I2C_SlaveTxCpltCallback              0x08002c51   Thumb Code     2  stm32f1xx_hal_i2c.o(.text.HAL_I2C_SlaveTxCpltCallback)
    HAL_IncTick                              0x08002c55   Thumb Code    26  stm32f1xx_hal.o(.text.HAL_IncTick)
    HAL_Init                                 0x08002c71   Thumb Code    38  stm32f1xx_hal.o(.text.HAL_Init)
    HAL_InitTick                             0x08002c99   Thumb Code    72  stm32f1xx_hal.o(.text.HAL_InitTick)
    HAL_MspInit                              0x08002ce1   Thumb Code    66  stm32f1xx_hal_msp.o(.text.HAL_MspInit)
    HAL_NVIC_EnableIRQ                       0x08002d25   Thumb Code    32  stm32f1xx_hal_cortex.o(.text.HAL_NVIC_EnableIRQ)
    HAL_NVIC_SetPriority                     0x08002d45   Thumb Code    86  stm32f1xx_hal_cortex.o(.text.HAL_NVIC_SetPriority)
    HAL_NVIC_SetPriorityGrouping             0x08002d9d   Thumb Code    32  stm32f1xx_hal_cortex.o(.text.HAL_NVIC_SetPriorityGrouping)
    HAL_RCC_ClockConfig                      0x08002dbd   Thumb Code   446  stm32f1xx_hal_rcc.o(.text.HAL_RCC_ClockConfig)
    HAL_RCC_GetPCLK1Freq                     0x08002f7d   Thumb Code    38  stm32f1xx_hal_rcc.o(.text.HAL_RCC_GetPCLK1Freq)
    HAL_RCC_GetPCLK2Freq                     0x08002fa5   Thumb Code    38  stm32f1xx_hal_rcc.o(.text.HAL_RCC_GetPCLK2Freq)
    HAL_RCC_OscConfig                        0x08002fcd   Thumb Code   948  stm32f1xx_hal_rcc.o(.text.HAL_RCC_OscConfig)
    HAL_SPI_Init                             0x08003381   Thumb Code   172  stm32f1xx_hal_spi.o(.text.HAL_SPI_Init)
    HAL_SPI_MspInit                          0x0800342d   Thumb Code   222  spi.o(.text.HAL_SPI_MspInit)
    HAL_SYSTICK_Config                       0x0800350d   Thumb Code    44  stm32f1xx_hal_cortex.o(.text.HAL_SYSTICK_Config)
    HAL_UARTEx_RxEventCallback               0x08003539   Thumb Code     2  stm32f1xx_hal_uart.o(.text.HAL_UARTEx_RxEventCallback)
    HAL_UART_ErrorCallback                   0x0800353d   Thumb Code     2  stm32f1xx_hal_uart.o(.text.HAL_UART_ErrorCallback)
    HAL_UART_IRQHandler                      0x08003541   Thumb Code   620  stm32f1xx_hal_uart.o(.text.HAL_UART_IRQHandler)
    HAL_UART_Init                            0x080037ad   Thumb Code   220  stm32f1xx_hal_uart.o(.text.HAL_UART_Init)
    HAL_UART_MspInit                         0x08003889   Thumb Code   360  usart.o(.text.HAL_UART_MspInit)
    HAL_UART_RxCpltCallback                  0x080039f1   Thumb Code     2  stm32f1xx_hal_uart.o(.text.HAL_UART_RxCpltCallback)
    HAL_UART_TxCpltCallback                  0x080039f5   Thumb Code     2  stm32f1xx_hal_uart.o(.text.HAL_UART_TxCpltCallback)
    HardFault_Handler                        0x080039f9   Thumb Code     2  stm32f1xx_it.o(.text.HardFault_Handler)
    MX_DMA_Init                              0x080043a1   Thumb Code   132  dma.o(.text.MX_DMA_Init)
    MX_GPIO_Init                             0x08004425   Thumb Code   182  gpio.o(.text.MX_GPIO_Init)
    MX_I2C1_Init                             0x080044dd   Thumb Code    66  i2c.o(.text.MX_I2C1_Init)
    MX_SPI1_Init                             0x08004521   Thumb Code    76  spi.o(.text.MX_SPI1_Init)
    MX_USART1_UART_Init                      0x0800456d   Thumb Code    64  usart.o(.text.MX_USART1_UART_Init)
    MX_USART2_UART_Init                      0x080045ad   Thumb Code    60  usart.o(.text.MX_USART2_UART_Init)
    MemManage_Handler                        0x080045e9   Thumb Code     2  stm32f1xx_it.o(.text.MemManage_Handler)
    NMI_Handler                              0x080045ed   Thumb Code     2  stm32f1xx_it.o(.text.NMI_Handler)
    PendSV_Handler                           0x080045f1   Thumb Code     2  stm32f1xx_it.o(.text.PendSV_Handler)
    SVC_Handler                              0x080045f5   Thumb Code     2  stm32f1xx_it.o(.text.SVC_Handler)
    SysTick_Handler                          0x080045f9   Thumb Code     4  stm32f1xx_it.o(.text.SysTick_Handler)
    SystemInit                               0x080045fd   Thumb Code     2  system_stm32f1xx.o(.text.SystemInit)
    USART2_IRQHandler                        0x080046c5   Thumb Code    12  stm32f1xx_it.o(.text.USART2_IRQHandler)
    UsageFault_Handler                       0x080046d1   Thumb Code     2  stm32f1xx_it.o(.text.UsageFault_Handler)
    bno055_delay                             0x080046d5   Thumb Code     4  main.o(.text.bno055_delay)
    bno055_getVector                         0x080046d9   Thumb Code   384  bno055.o(.text.bno055_getVector)
    bno055_reset                             0x08004859   Thumb Code   200  bno055.o(.text.bno055_reset)
    bno055_setOperationMode                  0x08004979   Thumb Code    52  bno055.o(.text.bno055_setOperationMode)
    bno055_setup                             0x080049ad   Thumb Code    80  bno055.o(.text.bno055_setup)
    bno055_writeData                         0x08004a4d   Thumb Code   512  main.o(.text.bno055_writeData)
    main                                     0x08004cd5   Thumb Code   236  main.o(.text.main)
    read8bit                                 0x08004e0d   Thumb Code    48  i2c_sensordriver.o(.text.read8bit)
    readMultBytes                            0x08004e3d   Thumb Code    42  i2c_sensordriver.o(.text.readMultBytes)
    write8bit                                0x08004e69   Thumb Code    56  i2c_sensordriver.o(.text.write8bit)
    _btod_d2e                                0x08004ea1   Thumb Code    62  btod.o(CL$$btod_d2e)
    _d2e_denorm_low                          0x08004edf   Thumb Code    70  btod.o(CL$$btod_d2e_denorm_low)
    _d2e_norm_op1                            0x08004f25   Thumb Code    96  btod.o(CL$$btod_d2e_norm_op1)
    __btod_div_common                        0x08004f85   Thumb Code   696  btod.o(CL$$btod_div_common)
    _e2e                                     0x080052bd   Thumb Code   220  btod.o(CL$$btod_e2e)
    _btod_ediv                               0x08005399   Thumb Code    42  btod.o(CL$$btod_ediv)
    _btod_emul                               0x080053c3   Thumb Code    42  btod.o(CL$$btod_emul)
    __btod_mult_common                       0x080053ed   Thumb Code   580  btod.o(CL$$btod_mult_common)
    __ARM_fpclassify                         0x08005631   Thumb Code    40  fpclassify.o(i.__ARM_fpclassify)
    _is_digit                                0x08005659   Thumb Code    14  __printf_wp.o(i._is_digit)
    fputc                                    0x08005667   Thumb Code    28  fputc.o(i.fputc)
    _get_lc_numeric                          0x08005685   Thumb Code    44  lc_numeric_c.o(locale$$code)
    __aeabi_ddiv                             0x080056b1   Thumb Code     0  ddiv.o(x$fpl$ddiv)
    _ddiv                                    0x080056b1   Thumb Code   556  ddiv.o(x$fpl$ddiv)
    __aeabi_i2d                              0x08005965   Thumb Code     0  dflt_clz.o(x$fpl$dflt)
    _dflt                                    0x08005965   Thumb Code    46  dflt_clz.o(x$fpl$dflt)
    __aeabi_ui2d                             0x08005993   Thumb Code     0  dflt_clz.o(x$fpl$dfltu)
    _dfltu                                   0x08005993   Thumb Code    38  dflt_clz.o(x$fpl$dfltu)
    __fpl_dnaninf                            0x080059b9   Thumb Code   156  dnaninf.o(x$fpl$dnaninf)
    __fpl_dretinf                            0x08005a55   Thumb Code    12  dretinf.o(x$fpl$dretinf)
    _printf_fp_dec                           0x08005a61   Thumb Code     4  printf1.o(x$fpl$printf1)
    __I$use$fp                               0x08005a64   Number         0  usenofp.o(x$fpl$usenofp)
    __stdin_name                             0x08005b34   Data           4  sys_io_names.o(.constdata)
    __stdout_name                            0x08005b38   Data           4  sys_io_names.o(.constdata)
    __stderr_name                            0x08005b3c   Data           4  sys_io_names.o(.constdata)
    AHBPrescTable                            0x08005b42   Data          16  system_stm32f1xx.o(.rodata.AHBPrescTable)
    APBPrescTable                            0x08005b52   Data           8  system_stm32f1xx.o(.rodata.APBPrescTable)
    Region$$Table$$Base                      0x08005d98   Number         0  anon$$obj.o(Region$$Table)
    Region$$Table$$Limit                     0x08005db8   Number         0  anon$$obj.o(Region$$Table)
    __aeabi_stdin                            0x20000000   Data           4  stdio_streams.o(.data)
    __aeabi_stdout                           0x20000004   Data           4  stdio_streams.o(.data)
    __aeabi_stderr                           0x20000008   Data           4  stdio_streams.o(.data)
    uwTickFreq                               0x2000000c   Data           1  stm32f1xx_hal.o(.data..L_MergedGlobals)
    uwTickPrio                               0x20000010   Data           4  stm32f1xx_hal.o(.data..L_MergedGlobals)
    accelScale                               0x20000014   Data           2  bno055.o(.data..L_MergedGlobals)
    angularRateScale                         0x20000016   Data           2  bno055.o(.data..L_MergedGlobals)
    eulerScale                               0x20000018   Data           2  bno055.o(.data..L_MergedGlobals)
    magScale                                 0x2000001a   Data           2  bno055.o(.data..L_MergedGlobals)
    quaScale                                 0x2000001c   Data           2  bno055.o(.data..L_MergedGlobals)
    SystemCoreClock                          0x20000020   Data           4  system_stm32f1xx.o(.data.SystemCoreClock)
    __stdin                                  0x20000028   Data          84  stdio_streams.o(.bss)
    __stdout                                 0x2000007c   Data          84  stdio_streams.o(.bss)
    __stderr                                 0x200000d0   Data          84  stdio_streams.o(.bss)
    __libspace_start                         0x20000124   Data          96  libspace.o(.bss)
    __temporary_stack_top$libspace           0x20000184   Data           0  libspace.o(.bss)
    _bno055_i2c_port                         0x20000184   Data           4  main.o(.bss._bno055_i2c_port)
    hdma_i2c1_rx                             0x20000188   Data          68  i2c.o(.bss.hdma_i2c1_rx)
    hdma_i2c1_tx                             0x200001cc   Data          68  i2c.o(.bss.hdma_i2c1_tx)
    hdma_spi1_rx                             0x20000210   Data          68  spi.o(.bss.hdma_spi1_rx)
    hdma_spi1_tx                             0x20000254   Data          68  spi.o(.bss.hdma_spi1_tx)
    hdma_usart1_rx                           0x20000298   Data          68  usart.o(.bss.hdma_usart1_rx)
    hdma_usart1_tx                           0x200002dc   Data          68  usart.o(.bss.hdma_usart1_tx)
    hi2c1                                    0x20000320   Data          84  i2c.o(.bss.hi2c1)
    hspi1                                    0x20000374   Data          88  spi.o(.bss.hspi1)
    huart1                                   0x200003cc   Data          68  usart.o(.bss.huart1)
    huart2                                   0x20000410   Data          68  usart.o(.bss.huart2)
    uwTick                                   0x20000454   Data           4  stm32f1xx_hal.o(.bss.uwTick)



==============================================================================

Memory Map of the image

  Image Entry point : 0x080000ed

  Load Region LR_IROM1 (Base: 0x08000000, Size: 0x00005e00, Max: 0x00010000, ABSOLUTE)

    Execution Region ER_IROM1 (Exec base: 0x08000000, Load base: 0x08000000, Size: 0x00005dd4, Max: 0x00010000, ABSOLUTE)

    Exec Addr    Load Addr    Size         Type   Attr      Idx    E Section Name        Object

    0x08000000   0x08000000   0x000000ec   Data   RO            3    RESET               startup_stm32f103xb.o
    0x080000ec   0x080000ec   0x00000008   Code   RO         1038  * !!!main             c_w.l(__main.o)
    0x080000f4   0x080000f4   0x00000034   Code   RO         1525    !!!scatter          c_w.l(__scatter.o)
    0x08000128   0x08000128   0x0000001a   Code   RO         1527    !!handler_copy      c_w.l(__scatter_copy.o)
    0x08000142   0x08000142   0x00000002   PAD
    0x08000144   0x08000144   0x0000001c   Code   RO         1529    !!handler_zi        c_w.l(__scatter_zi.o)
    0x08000160   0x08000160   0x00000000   Code   RO         1033    .ARM.Collect$$_printf_percent$$00000000  c_w.l(_printf_percent.o)
    0x08000160   0x08000160   0x00000006   Code   RO         1032    .ARM.Collect$$_printf_percent$$00000003  c_w.l(_printf_f.o)
    0x08000166   0x08000166   0x00000006   Code   RO         1031    .ARM.Collect$$_printf_percent$$00000009  c_w.l(_printf_d.o)
    0x0800016c   0x0800016c   0x00000006   Code   RO         1030    .ARM.Collect$$_printf_percent$$0000000C  c_w.l(_printf_x.o)
    0x08000172   0x08000172   0x00000004   Code   RO         1080    .ARM.Collect$$_printf_percent$$00000017  c_w.l(_printf_percent_end.o)
    0x08000176   0x08000176   0x00000002   Code   RO         1324    .ARM.Collect$$libinit$$00000000  c_w.l(libinit.o)
    0x08000178   0x08000178   0x00000000   Code   RO         1326    .ARM.Collect$$libinit$$00000002  c_w.l(libinit2.o)
    0x08000178   0x08000178   0x00000000   Code   RO         1328    .ARM.Collect$$libinit$$00000004  c_w.l(libinit2.o)
    0x08000178   0x08000178   0x00000000   Code   RO         1330    .ARM.Collect$$libinit$$00000006  c_w.l(libinit2.o)
    0x08000178   0x08000178   0x00000008   Code   RO         1331    .ARM.Collect$$libinit$$00000007  c_w.l(libinit2.o)
    0x08000180   0x08000180   0x00000000   Code   RO         1333    .ARM.Collect$$libinit$$0000000C  c_w.l(libinit2.o)
    0x08000180   0x08000180   0x00000000   Code   RO         1335    .ARM.Collect$$libinit$$0000000E  c_w.l(libinit2.o)
    0x08000180   0x08000180   0x00000000   Code   RO         1337    .ARM.Collect$$libinit$$00000010  c_w.l(libinit2.o)
    0x08000180   0x08000180   0x00000006   Code   RO         1338    .ARM.Collect$$libinit$$00000011  c_w.l(libinit2.o)
    0x08000186   0x08000186   0x00000000   Code   RO         1340    .ARM.Collect$$libinit$$00000013  c_w.l(libinit2.o)
    0x08000186   0x08000186   0x00000000   Code   RO         1342    .ARM.Collect$$libinit$$00000015  c_w.l(libinit2.o)
    0x08000186   0x08000186   0x00000000   Code   RO         1344    .ARM.Collect$$libinit$$00000017  c_w.l(libinit2.o)
    0x08000186   0x08000186   0x0000000a   Code   RO         1345    .ARM.Collect$$libinit$$00000018  c_w.l(libinit2.o)
    0x08000190   0x08000190   0x00000000   Code   RO         1346    .ARM.Collect$$libinit$$00000019  c_w.l(libinit2.o)
    0x08000190   0x08000190   0x00000000   Code   RO         1348    .ARM.Collect$$libinit$$0000001B  c_w.l(libinit2.o)
    0x08000190   0x08000190   0x00000000   Code   RO         1350    .ARM.Collect$$libinit$$0000001D  c_w.l(libinit2.o)
    0x08000190   0x08000190   0x00000000   Code   RO         1352    .ARM.Collect$$libinit$$0000001F  c_w.l(libinit2.o)
    0x08000190   0x08000190   0x00000000   Code   RO         1354    .ARM.Collect$$libinit$$00000021  c_w.l(libinit2.o)
    0x08000190   0x08000190   0x00000000   Code   RO         1356    .ARM.Collect$$libinit$$00000023  c_w.l(libinit2.o)
    0x08000190   0x08000190   0x00000000   Code   RO         1358    .ARM.Collect$$libinit$$00000025  c_w.l(libinit2.o)
    0x08000190   0x08000190   0x00000004   Code   RO         1359    .ARM.Collect$$libinit$$00000026  c_w.l(libinit2.o)
    0x08000194   0x08000194   0x00000000   Code   RO         1360    .ARM.Collect$$libinit$$00000027  c_w.l(libinit2.o)
    0x08000194   0x08000194   0x00000000   Code   RO         1364    .ARM.Collect$$libinit$$0000002E  c_w.l(libinit2.o)
    0x08000194   0x08000194   0x00000000   Code   RO         1366    .ARM.Collect$$libinit$$00000030  c_w.l(libinit2.o)
    0x08000194   0x08000194   0x00000000   Code   RO         1368    .ARM.Collect$$libinit$$00000032  c_w.l(libinit2.o)
    0x08000194   0x08000194   0x00000000   Code   RO         1370    .ARM.Collect$$libinit$$00000034  c_w.l(libinit2.o)
    0x08000194   0x08000194   0x00000002   Code   RO         1371    .ARM.Collect$$libinit$$00000035  c_w.l(libinit2.o)
    0x08000196   0x08000196   0x00000002   Code   RO         1504    .ARM.Collect$$libshutdown$$00000000  c_w.l(libshutdown.o)
    0x08000198   0x08000198   0x00000000   Code   RO         1373    .ARM.Collect$$libshutdown$$00000002  c_w.l(libshutdown2.o)
    0x08000198   0x08000198   0x00000004   Code   RO         1374    .ARM.Collect$$libshutdown$$00000003  c_w.l(libshutdown2.o)
    0x0800019c   0x0800019c   0x00000000   Code   RO         1375    .ARM.Collect$$libshutdown$$00000004  c_w.l(libshutdown2.o)
    0x0800019c   0x0800019c   0x00000000   Code   RO         1378    .ARM.Collect$$libshutdown$$00000007  c_w.l(libshutdown2.o)
    0x0800019c   0x0800019c   0x00000000   Code   RO         1381    .ARM.Collect$$libshutdown$$0000000A  c_w.l(libshutdown2.o)
    0x0800019c   0x0800019c   0x00000000   Code   RO         1383    .ARM.Collect$$libshutdown$$0000000C  c_w.l(libshutdown2.o)
    0x0800019c   0x0800019c   0x00000000   Code   RO         1386    .ARM.Collect$$libshutdown$$0000000F  c_w.l(libshutdown2.o)
    0x0800019c   0x0800019c   0x00000002   Code   RO         1387    .ARM.Collect$$libshutdown$$00000010  c_w.l(libshutdown2.o)
    0x0800019e   0x0800019e   0x00000000   Code   RO         1069    .ARM.Collect$$rtentry$$00000000  c_w.l(__rtentry.o)
    0x0800019e   0x0800019e   0x00000000   Code   RO         1126    .ARM.Collect$$rtentry$$00000002  c_w.l(__rtentry2.o)
    0x0800019e   0x0800019e   0x00000006   Code   RO         1138    .ARM.Collect$$rtentry$$00000004  c_w.l(__rtentry4.o)
    0x080001a4   0x080001a4   0x00000000   Code   RO         1128    .ARM.Collect$$rtentry$$00000009  c_w.l(__rtentry2.o)
    0x080001a4   0x080001a4   0x00000004   Code   RO         1129    .ARM.Collect$$rtentry$$0000000A  c_w.l(__rtentry2.o)
    0x080001a8   0x080001a8   0x00000000   Code   RO         1131    .ARM.Collect$$rtentry$$0000000C  c_w.l(__rtentry2.o)
    0x080001a8   0x080001a8   0x00000008   Code   RO         1132    .ARM.Collect$$rtentry$$0000000D  c_w.l(__rtentry2.o)
    0x080001b0   0x080001b0   0x00000002   Code   RO         1395    .ARM.Collect$$rtexit$$00000000  c_w.l(rtexit.o)
    0x080001b2   0x080001b2   0x00000000   Code   RO         1461    .ARM.Collect$$rtexit$$00000002  c_w.l(rtexit2.o)
    0x080001b2   0x080001b2   0x00000004   Code   RO         1462    .ARM.Collect$$rtexit$$00000003  c_w.l(rtexit2.o)
    0x080001b6   0x080001b6   0x00000006   Code   RO         1463    .ARM.Collect$$rtexit$$00000004  c_w.l(rtexit2.o)
    0x080001bc   0x080001bc   0x00000040   Code   RO            4    .text               startup_stm32f103xb.o
    0x080001fc   0x080001fc   0x00000018   Code   RO          981    .text               c_w.l(noretval__2printf.o)
    0x08000214   0x08000214   0x0000004e   Code   RO          985    .text               c_w.l(_printf_pad.o)
    0x08000262   0x08000262   0x00000002   PAD
    0x08000264   0x08000264   0x00000078   Code   RO          987    .text               c_w.l(_printf_dec.o)
    0x080002dc   0x080002dc   0x00000058   Code   RO          992    .text               c_w.l(_printf_hex_int.o)
    0x08000334   0x08000334   0x00000138   Code   RO         1022    .text               c_w.l(__printf_flags_wp.o)
    0x0800046c   0x0800046c   0x0000002c   Code   RO         1034    .text               c_w.l(puts.o)
    0x08000498   0x08000498   0x00000006   Code   RO         1036    .text               c_w.l(heapauxi.o)
    0x0800049e   0x0800049e   0x000000b2   Code   RO         1072    .text               c_w.l(_printf_intcommon.o)
    0x08000550   0x08000550   0x0000041c   Code   RO         1074    .text               c_w.l(_printf_fp_dec.o)
    0x0800096c   0x0800096c   0x00000024   Code   RO         1078    .text               c_w.l(_printf_char_file.o)
    0x08000990   0x08000990   0x00000008   Code   RO         1143    .text               c_w.l(rt_locale_intlibspace.o)
    0x08000998   0x08000998   0x00000008   Code   RO         1148    .text               c_w.l(rt_errno_addr_intlibspace.o)
    0x080009a0   0x080009a0   0x0000008a   Code   RO         1150    .text               c_w.l(lludiv10.o)
    0x08000a2a   0x08000a2a   0x00000002   PAD
    0x08000a2c   0x08000a2c   0x00000030   Code   RO         1152    .text               c_w.l(_printf_char_common.o)
    0x08000a5c   0x08000a5c   0x00000080   Code   RO         1154    .text               c_w.l(_printf_fp_infnan.o)
    0x08000adc   0x08000adc   0x000000e4   Code   RO         1156    .text               c_w.l(bigflt0.o)
    0x08000bc0   0x08000bc0   0x00000008   Code   RO         1183    .text               c_w.l(ferror.o)
    0x08000bc8   0x08000bc8   0x000001e2   Code   RO         1185    .text               c_w.l(flsbuf.o)
    0x08000daa   0x08000daa   0x00000002   PAD
    0x08000dac   0x08000dac   0x00000138   Code   RO         1187    .text               c_w.l(initio.o)
    0x08000ee4   0x08000ee4   0x00000066   Code   RO         1206    .text               c_w.l(sys_io.o)
    0x08000f4a   0x08000f4a   0x00000002   PAD
    0x08000f4c   0x08000f4c   0x00000008   Code   RO         1213    .text               c_w.l(libspace.o)
    0x08000f54   0x08000f54   0x0000004a   Code   RO         1218    .text               c_w.l(sys_stackheap_outer.o)
    0x08000f9e   0x08000f9e   0x0000005e   Code   RO         1224    .text               c_w.l(h1_alloc.o)
    0x08000ffc   0x08000ffc   0x0000004e   Code   RO         1226    .text               c_w.l(h1_free.o)
    0x0800104a   0x0800104a   0x00000046   Code   RO         1288    .text               c_w.l(setvbuf.o)
    0x08001090   0x08001090   0x000000f0   Code   RO         1290    .text               c_w.l(stdio.o)
    0x08001180   0x08001180   0x000000f0   Code   RO         1295    .text               c_w.l(fopen.o)
    0x08001270   0x08001270   0x0000004c   Code   RO         1297    .text               c_w.l(fclose.o)
    0x080012bc   0x080012bc   0x00000012   Code   RO         1307    .text               c_w.l(exit.o)
    0x080012ce   0x080012ce   0x0000000e   Code   RO         1309    .text               c_w.l(defsig_rtred_outer.o)
    0x080012dc   0x080012dc   0x0000004e   Code   RO         1315    .text               c_w.l(rt_memclr_w.o)
    0x0800132a   0x0800132a   0x00000002   PAD
    0x0800132c   0x0800132c   0x00000080   Code   RO         1317    .text               c_w.l(strcmpv7m.o)
    0x080013ac   0x080013ac   0x00000002   Code   RO         1392    .text               c_w.l(use_no_semi.o)
    0x080013ae   0x080013ae   0x00000000   Code   RO         1394    .text               c_w.l(indicate_semi.o)
    0x080013ae   0x080013ae   0x00000002   PAD
    0x080013b0   0x080013b0   0x00000008   Code   RO         1402    .text               c_w.l(rt_heap_descriptor_intlibspace.o)
    0x080013b8   0x080013b8   0x00000004   Code   RO         1404    .text               c_w.l(hguard.o)
    0x080013bc   0x080013bc   0x0000008a   Code   RO         1406    .text               c_w.l(init_alloc.o)
    0x08001446   0x08001446   0x0000000e   Code   RO         1410    .text               c_w.l(h1_init.o)
    0x08001454   0x08001454   0x000000f8   Code   RO         1428    .text               c_w.l(fseek.o)
    0x0800154c   0x0800154c   0x0000000a   Code   RO         1434    .text               c_w.l(defsig_exit.o)
    0x08001556   0x08001556   0x00000002   PAD
    0x08001558   0x08001558   0x00000034   Code   RO         1436    .text               c_w.l(defsig_rtred_inner.o)
    0x0800158c   0x0800158c   0x0000003e   Code   RO         1438    .text               c_w.l(strlen.o)
    0x080015ca   0x080015ca   0x00000002   PAD
    0x080015cc   0x080015cc   0x0000000c   Code   RO         1454    .text               c_w.l(sys_exit.o)
    0x080015d8   0x080015d8   0x00000000   Code   RO         1469    .text               c_w.l(maybetermalloc1.o)
    0x080015d8   0x080015d8   0x00000034   Code   RO         1471    .text               c_w.l(h1_extend.o)
    0x0800160c   0x0800160c   0x00000042   Code   RO         1475    .text               c_w.l(ftell.o)
    0x0800164e   0x0800164e   0x00000032   Code   RO         1479    .text               c_w.l(defsig_general.o)
    0x08001680   0x08001680   0x0000000e   Code   RO         1481    .text               c_w.l(defsig_rtmem_outer.o)
    0x0800168e   0x0800168e   0x0000000e   Code   RO         1492    .text               c_w.l(sys_wrch.o)
    0x0800169c   0x0800169c   0x00000050   Code   RO         1498    .text               c_w.l(defsig_rtmem_inner.o)
    0x080016ec   0x080016ec   0x00000002   Code   RO          115    .text.BusFault_Handler  stm32f1xx_it.o
    0x080016ee   0x080016ee   0x00000002   PAD
    0x080016f0   0x080016f0   0x0000000c   Code   RO          127    .text.DMA1_Channel2_IRQHandler  stm32f1xx_it.o
    0x080016fc   0x080016fc   0x0000000c   Code   RO          129    .text.DMA1_Channel3_IRQHandler  stm32f1xx_it.o
    0x08001708   0x08001708   0x0000000c   Code   RO          131    .text.DMA1_Channel4_IRQHandler  stm32f1xx_it.o
    0x08001714   0x08001714   0x0000000c   Code   RO          133    .text.DMA1_Channel5_IRQHandler  stm32f1xx_it.o
    0x08001720   0x08001720   0x0000000c   Code   RO          135    .text.DMA1_Channel6_IRQHandler  stm32f1xx_it.o
    0x0800172c   0x0800172c   0x0000000c   Code   RO          137    .text.DMA1_Channel7_IRQHandler  stm32f1xx_it.o
    0x08001738   0x08001738   0x00000002   Code   RO          121    .text.DebugMon_Handler  stm32f1xx_it.o
    0x0800173a   0x0800173a   0x00000002   PAD
    0x0800173c   0x0800173c   0x0000000a   Code   RO           23    .text.Error_Handler  main.o
    0x08001746   0x08001746   0x00000002   PAD
    0x08001748   0x08001748   0x00000046   Code   RO          449    .text.HAL_DMA_Abort  stm32f1xx_hal_dma.o
    0x0800178e   0x0800178e   0x00000002   PAD
    0x08001790   0x08001790   0x000000aa   Code   RO          451    .text.HAL_DMA_Abort_IT  stm32f1xx_hal_dma.o
    0x0800183a   0x0800183a   0x00000002   PAD
    0x0800183c   0x0800183c   0x0000019c   Code   RO          455    .text.HAL_DMA_IRQHandler  stm32f1xx_hal_dma.o
    0x080019d8   0x080019d8   0x00000076   Code   RO          441    .text.HAL_DMA_Init  stm32f1xx_hal_dma.o
    0x08001a4e   0x08001a4e   0x00000002   PAD
    0x08001a50   0x08001a50   0x0000009c   Code   RO          447    .text.HAL_DMA_Start_IT  stm32f1xx_hal_dma.o
    0x08001aec   0x08001aec   0x00000028   Code   RO          325    .text.HAL_Delay     stm32f1xx_hal.o
    0x08001b14   0x08001b14   0x00000212   Code   RO          417    .text.HAL_GPIO_Init  stm32f1xx_hal_gpio.o
    0x08001d26   0x08001d26   0x00000002   PAD
    0x08001d28   0x08001d28   0x0000000a   Code   RO          423    .text.HAL_GPIO_WritePin  stm32f1xx_hal_gpio.o
    0x08001d32   0x08001d32   0x00000002   PAD
    0x08001d34   0x08001d34   0x0000000c   Code   RO          317    .text.HAL_GetTick   stm32f1xx_hal.o
    0x08001d40   0x08001d40   0x00000002   Code   RO          285    .text.HAL_I2C_ErrorCallback  stm32f1xx_hal_i2c.o
    0x08001d42   0x08001d42   0x00000002   PAD
    0x08001d44   0x08001d44   0x00000004   Code   RO          293    .text.HAL_I2C_GetError  stm32f1xx_hal_i2c.o
    0x08001d48   0x08001d48   0x00000006   Code   RO          289    .text.HAL_I2C_GetState  stm32f1xx_hal_i2c.o
    0x08001d4e   0x08001d4e   0x00000002   PAD
    0x08001d50   0x08001d50   0x00000176   Code   RO          171    .text.HAL_I2C_Init  stm32f1xx_hal_i2c.o
    0x08001ec6   0x08001ec6   0x00000002   PAD
    0x08001ec8   0x08001ec8   0x00000002   Code   RO          271    .text.HAL_I2C_MasterRxCpltCallback  stm32f1xx_hal_i2c.o
    0x08001eca   0x08001eca   0x00000002   PAD
    0x08001ecc   0x08001ecc   0x00000478   Code   RO          179    .text.HAL_I2C_Master_Transmit  stm32f1xx_hal_i2c.o
    0x08002344   0x08002344   0x00000002   Code   RO          283    .text.HAL_I2C_MemRxCpltCallback  stm32f1xx_hal_i2c.o
    0x08002346   0x08002346   0x00000002   PAD
    0x08002348   0x08002348   0x00000436   Code   RO          215    .text.HAL_I2C_Mem_Read  stm32f1xx_hal_i2c.o
    0x0800277e   0x0800277e   0x00000002   PAD
    0x08002780   0x08002780   0x00000220   Code   RO          225    .text.HAL_I2C_Mem_Read_DMA  stm32f1xx_hal_i2c.o
    0x080029a0   0x080029a0   0x000001da   Code   RO          211    .text.HAL_I2C_Mem_Write  stm32f1xx_hal_i2c.o
    0x08002b7a   0x08002b7a   0x00000002   PAD
    0x08002b7c   0x08002b7c   0x000000ce   Code   RO           57    .text.HAL_I2C_MspInit  i2c.o
    0x08002c4a   0x08002c4a   0x00000002   PAD
    0x08002c4c   0x08002c4c   0x00000002   Code   RO          275    .text.HAL_I2C_SlaveRxCpltCallback  stm32f1xx_hal_i2c.o
    0x08002c4e   0x08002c4e   0x00000002   PAD
    0x08002c50   0x08002c50   0x00000002   Code   RO          273    .text.HAL_I2C_SlaveTxCpltCallback  stm32f1xx_hal_i2c.o
    0x08002c52   0x08002c52   0x00000002   PAD
    0x08002c54   0x08002c54   0x0000001a   Code   RO          315    .text.HAL_IncTick   stm32f1xx_hal.o
    0x08002c6e   0x08002c6e   0x00000002   PAD
    0x08002c70   0x08002c70   0x00000026   Code   RO          305    .text.HAL_Init      stm32f1xx_hal.o
    0x08002c96   0x08002c96   0x00000002   PAD
    0x08002c98   0x08002c98   0x00000048   Code   RO          307    .text.HAL_InitTick  stm32f1xx_hal.o
    0x08002ce0   0x08002ce0   0x00000042   Code   RO          148    .text.HAL_MspInit   stm32f1xx_hal_msp.o
    0x08002d22   0x08002d22   0x00000002   PAD
    0x08002d24   0x08002d24   0x00000020   Code   RO          477    .text.HAL_NVIC_EnableIRQ  stm32f1xx_hal_cortex.o
    0x08002d44   0x08002d44   0x00000056   Code   RO          475    .text.HAL_NVIC_SetPriority  stm32f1xx_hal_cortex.o
    0x08002d9a   0x08002d9a   0x00000002   PAD
    0x08002d9c   0x08002d9c   0x00000020   Code   RO          473    .text.HAL_NVIC_SetPriorityGrouping  stm32f1xx_hal_cortex.o
    0x08002dbc   0x08002dbc   0x000001be   Code   RO          369    .text.HAL_RCC_ClockConfig  stm32f1xx_hal_rcc.o
    0x08002f7a   0x08002f7a   0x00000002   PAD
    0x08002f7c   0x08002f7c   0x00000026   Code   RO          381    .text.HAL_RCC_GetPCLK1Freq  stm32f1xx_hal_rcc.o
    0x08002fa2   0x08002fa2   0x00000002   PAD
    0x08002fa4   0x08002fa4   0x00000026   Code   RO          383    .text.HAL_RCC_GetPCLK2Freq  stm32f1xx_hal_rcc.o
    0x08002fca   0x08002fca   0x00000002   PAD
    0x08002fcc   0x08002fcc   0x000003b4   Code   RO          367    .text.HAL_RCC_OscConfig  stm32f1xx_hal_rcc.o
    0x08003380   0x08003380   0x000000ac   Code   RO          638    .text.HAL_SPI_Init  stm32f1xx_hal_spi.o
    0x0800342c   0x0800342c   0x000000de   Code   RO           74    .text.HAL_SPI_MspInit  spi.o
    0x0800350a   0x0800350a   0x00000002   PAD
    0x0800350c   0x0800350c   0x0000002c   Code   RO          485    .text.HAL_SYSTICK_Config  stm32f1xx_hal_cortex.o
    0x08003538   0x08003538   0x00000002   Code   RO          836    .text.HAL_UARTEx_RxEventCallback  stm32f1xx_hal_uart.o
    0x0800353a   0x0800353a   0x00000002   PAD
    0x0800353c   0x0800353c   0x00000002   Code   RO          834    .text.HAL_UART_ErrorCallback  stm32f1xx_hal_uart.o
    0x0800353e   0x0800353e   0x00000002   PAD
    0x08003540   0x08003540   0x0000026c   Code   RO          828    .text.HAL_UART_IRQHandler  stm32f1xx_hal_uart.o
    0x080037ac   0x080037ac   0x000000dc   Code   RO          754    .text.HAL_UART_Init  stm32f1xx_hal_uart.o
    0x08003888   0x08003888   0x00000168   Code   RO           93    .text.HAL_UART_MspInit  usart.o
    0x080039f0   0x080039f0   0x00000002   Code   RO          842    .text.HAL_UART_RxCpltCallback  stm32f1xx_hal_uart.o
    0x080039f2   0x080039f2   0x00000002   PAD
    0x080039f4   0x080039f4   0x00000002   Code   RO          838    .text.HAL_UART_TxCpltCallback  stm32f1xx_hal_uart.o
    0x080039f6   0x080039f6   0x00000002   PAD
    0x080039f8   0x080039f8   0x00000002   Code   RO          111    .text.HardFault_Handler  stm32f1xx_it.o
    0x080039fa   0x080039fa   0x00000002   PAD
    0x080039fc   0x080039fc   0x0000003a   Code   RO          203    .text.I2C_DMAError  stm32f1xx_hal_i2c.o
    0x08003a36   0x08003a36   0x00000002   PAD
    0x08003a38   0x08003a38   0x00000122   Code   RO          201    .text.I2C_DMAXferCplt  stm32f1xx_hal_i2c.o
    0x08003b5a   0x08003b5a   0x00000002   PAD
    0x08003b5c   0x08003b5c   0x0000031e   Code   RO          217    .text.I2C_RequestMemoryRead  stm32f1xx_hal_i2c.o
    0x08003e7a   0x08003e7a   0x00000002   PAD
    0x08003e7c   0x08003e7c   0x00000272   Code   RO          213    .text.I2C_RequestMemoryWrite  stm32f1xx_hal_i2c.o
    0x080040ee   0x080040ee   0x00000002   PAD
    0x080040f0   0x080040f0   0x000000a8   Code   RO          183    .text.I2C_WaitOnBTFFlagUntilTimeout  stm32f1xx_hal_i2c.o
    0x08004198   0x08004198   0x00000150   Code   RO          181    .text.I2C_WaitOnFlagUntilTimeout  stm32f1xx_hal_i2c.o
    0x080042e8   0x080042e8   0x000000b8   Code   RO          295    .text.I2C_WaitOnMasterAddressFlagUntilTimeout  stm32f1xx_hal_i2c.o
    0x080043a0   0x080043a0   0x00000084   Code   RO           46    .text.MX_DMA_Init   dma.o
    0x08004424   0x08004424   0x000000b6   Code   RO           37    .text.MX_GPIO_Init  gpio.o
    0x080044da   0x080044da   0x00000002   PAD
    0x080044dc   0x080044dc   0x00000042   Code   RO           55    .text.MX_I2C1_Init  i2c.o
    0x0800451e   0x0800451e   0x00000002   PAD
    0x08004520   0x08004520   0x0000004c   Code   RO           72    .text.MX_SPI1_Init  spi.o
    0x0800456c   0x0800456c   0x00000040   Code   RO           89    .text.MX_USART1_UART_Init  usart.o
    0x080045ac   0x080045ac   0x0000003c   Code   RO           91    .text.MX_USART2_UART_Init  usart.o
    0x080045e8   0x080045e8   0x00000002   Code   RO          113    .text.MemManage_Handler  stm32f1xx_it.o
    0x080045ea   0x080045ea   0x00000002   PAD
    0x080045ec   0x080045ec   0x00000002   Code   RO          109    .text.NMI_Handler   stm32f1xx_it.o
    0x080045ee   0x080045ee   0x00000002   PAD
    0x080045f0   0x080045f0   0x00000002   Code   RO          123    .text.PendSV_Handler  stm32f1xx_it.o
    0x080045f2   0x080045f2   0x00000002   PAD
    0x080045f4   0x080045f4   0x00000002   Code   RO          119    .text.SVC_Handler   stm32f1xx_it.o
    0x080045f6   0x080045f6   0x00000002   PAD
    0x080045f8   0x080045f8   0x00000004   Code   RO          125    .text.SysTick_Handler  stm32f1xx_it.o
    0x080045fc   0x080045fc   0x00000002   Code   RO          872    .text.SystemInit    system_stm32f1xx.o
    0x080045fe   0x080045fe   0x00000002   PAD
    0x08004600   0x08004600   0x0000000c   Code   RO          832    .text.UART_DMAAbortOnError  stm32f1xx_hal_uart.o
    0x0800460c   0x0800460c   0x000000b6   Code   RO          830    .text.UART_Receive_IT  stm32f1xx_hal_uart.o
    0x080046c2   0x080046c2   0x00000002   PAD
    0x080046c4   0x080046c4   0x0000000c   Code   RO          139    .text.USART2_IRQHandler  stm32f1xx_it.o
    0x080046d0   0x080046d0   0x00000002   Code   RO          117    .text.UsageFault_Handler  stm32f1xx_it.o
    0x080046d2   0x080046d2   0x00000002   PAD
    0x080046d4   0x080046d4   0x00000004   Code   RO           13    .text.bno055_delay  main.o
    0x080046d8   0x080046d8   0x00000180   Code   RO          905    .text.bno055_getVector  bno055.o
    0x08004858   0x08004858   0x00000120   Code   RO          895    .text.bno055_reset  bno055.o
    0x08004978   0x08004978   0x00000034   Code   RO          891    .text.bno055_setOperationMode  bno055.o
    0x080049ac   0x080049ac   0x000000a0   Code   RO          897    .text.bno055_setup  bno055.o
    0x08004a4c   0x08004a4c   0x00000288   Code   RO           15    .text.bno055_writeData  main.o
    0x08004cd4   0x08004cd4   0x00000138   Code   RO           19    .text.main          main.o
    0x08004e0c   0x08004e0c   0x00000030   Code   RO          958    .text.read8bit      i2c_sensordriver.o
    0x08004e3c   0x08004e3c   0x0000002a   Code   RO          966    .text.readMultBytes  i2c_sensordriver.o
    0x08004e66   0x08004e66   0x00000002   PAD
    0x08004e68   0x08004e68   0x00000038   Code   RO          964    .text.write8bit     i2c_sensordriver.o
    0x08004ea0   0x08004ea0   0x0000003e   Code   RO         1159    CL$$btod_d2e        c_w.l(btod.o)
    0x08004ede   0x08004ede   0x00000046   Code   RO         1161    CL$$btod_d2e_denorm_low  c_w.l(btod.o)
    0x08004f24   0x08004f24   0x00000060   Code   RO         1160    CL$$btod_d2e_norm_op1  c_w.l(btod.o)
    0x08004f84   0x08004f84   0x00000338   Code   RO         1169    CL$$btod_div_common  c_w.l(btod.o)
    0x080052bc   0x080052bc   0x000000dc   Code   RO         1166    CL$$btod_e2e        c_w.l(btod.o)
    0x08005398   0x08005398   0x0000002a   Code   RO         1163    CL$$btod_ediv       c_w.l(btod.o)
    0x080053c2   0x080053c2   0x0000002a   Code   RO         1162    CL$$btod_emul       c_w.l(btod.o)
    0x080053ec   0x080053ec   0x00000244   Code   RO         1168    CL$$btod_mult_common  c_w.l(btod.o)
    0x08005630   0x08005630   0x00000028   Code   RO         1116    i.__ARM_fpclassify  m_ws.l(fpclassify.o)
    0x08005658   0x08005658   0x0000000e   Code   RO         1020    i._is_digit         c_w.l(__printf_wp.o)
    0x08005666   0x08005666   0x0000001c   Code   RO         1082    i.fputc             c_w.l(fputc.o)
    0x08005682   0x08005682   0x00000002   PAD
    0x08005684   0x08005684   0x0000002c   Code   RO         1194    locale$$code        c_w.l(lc_numeric_c.o)
    0x080056b0   0x080056b0   0x000002b4   Code   RO         1047    x$fpl$ddiv          fz_ws.l(ddiv.o)
    0x08005964   0x08005964   0x0000002e   Code   RO         1051    x$fpl$dflt          fz_ws.l(dflt_clz.o)
    0x08005992   0x08005992   0x00000026   Code   RO         1050    x$fpl$dfltu         fz_ws.l(dflt_clz.o)
    0x080059b8   0x080059b8   0x0000009c   Code   RO         1093    x$fpl$dnaninf       fz_ws.l(dnaninf.o)
    0x08005a54   0x08005a54   0x0000000c   Code   RO         1095    x$fpl$dretinf       fz_ws.l(dretinf.o)
    0x08005a60   0x08005a60   0x00000004   Code   RO         1062    x$fpl$printf1       fz_ws.l(printf1.o)
    0x08005a64   0x08005a64   0x00000000   Code   RO         1101    x$fpl$usenofp       fz_ws.l(usenofp.o)
    0x08005a64   0x08005a64   0x00000028   Data   RO          993    .constdata          c_w.l(_printf_hex_int.o)
    0x08005a8c   0x08005a8c   0x00000011   Data   RO         1023    .constdata          c_w.l(__printf_flags_wp.o)
    0x08005a9d   0x08005a9d   0x00000003   PAD
    0x08005aa0   0x08005aa0   0x00000094   Data   RO         1157    .constdata          c_w.l(bigflt0.o)
    0x08005b34   0x08005b34   0x00000004   Data   RO         1208    .constdata          c_w.l(sys_io_names.o)
    0x08005b38   0x08005b38   0x00000004   Data   RO         1209    .constdata          c_w.l(sys_io_names.o)
    0x08005b3c   0x08005b3c   0x00000004   Data   RO         1210    .constdata          c_w.l(sys_io_names.o)
    0x08005b40   0x08005b40   0x00000002   Data   RO          394    .rodata..L__const.HAL_RCC_GetSysClockFreq.aPredivFactorTable  stm32f1xx_hal_rcc.o
    0x08005b42   0x08005b42   0x00000010   Data   RO          877    .rodata.AHBPrescTable  system_stm32f1xx.o
    0x08005b52   0x08005b52   0x00000008   Data   RO          878    .rodata.APBPrescTable  system_stm32f1xx.o
    0x08005b5a   0x08005b5a   0x00000010   Data   RO          393    .rodata.cst16       stm32f1xx_hal_rcc.o
    0x08005b6a   0x08005b6a   0x00000161   Data   RO           27    .rodata.str1.1      main.o
    0x08005ccb   0x08005ccb   0x000000ca   Data   RO          912    .rodata.str1.1      bno055.o
    0x08005d95   0x08005d95   0x00000003   PAD
    0x08005d98   0x08005d98   0x00000020   Data   RO         1524    Region$$Table       anon$$obj.o
    0x08005db8   0x08005db8   0x0000001c   Data   RO         1193    locale$$data        c_w.l(lc_numeric_c.o)


    Execution Region RW_IRAM1 (Exec base: 0x20000000, Load base: 0x08005dd8, Size: 0x00000a58, Max: 0x00005000, ABSOLUTE)

    Exec Addr    Load Addr    Size         Type   Attr      Idx    E Section Name        Object

    0x20000000   0x08005dd8   0x00000004   Data   RW         1088    .data               c_w.l(stdio_streams.o)
    0x20000004   0x08005ddc   0x00000004   Data   RW         1089    .data               c_w.l(stdio_streams.o)
    0x20000008   0x08005de0   0x00000004   Data   RW         1090    .data               c_w.l(stdio_streams.o)
    0x2000000c   0x08005de4   0x00000008   Data   RW          356    .data..L_MergedGlobals  stm32f1xx_hal.o
    0x20000014   0x08005dec   0x0000000a   Data   RW          913    .data..L_MergedGlobals  bno055.o
    0x2000001e   0x08005df6   0x00000002   PAD
    0x20000020   0x08005df8   0x00000004   Data   RW          876    .data.SystemCoreClock  system_stm32f1xx.o
    0x20000024   0x08005dfc   0x00000004   PAD
    0x20000028        -       0x00000054   Zero   RW         1085    .bss                c_w.l(stdio_streams.o)
    0x2000007c        -       0x00000054   Zero   RW         1086    .bss                c_w.l(stdio_streams.o)
    0x200000d0        -       0x00000054   Zero   RW         1087    .bss                c_w.l(stdio_streams.o)
    0x20000124        -       0x00000060   Zero   RW         1214    .bss                c_w.l(libspace.o)
    0x20000184        -       0x00000004   Zero   RW           25    .bss._bno055_i2c_port  main.o
    0x20000188        -       0x00000044   Zero   RW           62    .bss.hdma_i2c1_rx   i2c.o
    0x200001cc        -       0x00000044   Zero   RW           63    .bss.hdma_i2c1_tx   i2c.o
    0x20000210        -       0x00000044   Zero   RW           79    .bss.hdma_spi1_rx   spi.o
    0x20000254        -       0x00000044   Zero   RW           80    .bss.hdma_spi1_tx   spi.o
    0x20000298        -       0x00000044   Zero   RW           99    .bss.hdma_usart1_rx  usart.o
    0x200002dc        -       0x00000044   Zero   RW          100    .bss.hdma_usart1_tx  usart.o
    0x20000320        -       0x00000054   Zero   RW           61    .bss.hi2c1          i2c.o
    0x20000374        -       0x00000058   Zero   RW           78    .bss.hspi1          spi.o
    0x200003cc        -       0x00000044   Zero   RW           97    .bss.huart1         usart.o
    0x20000410        -       0x00000044   Zero   RW           98    .bss.huart2         usart.o
    0x20000454        -       0x00000004   Zero   RW          355    .bss.uwTick         stm32f1xx_hal.o
    0x20000458        -       0x00000200   Zero   RW            2    HEAP                startup_stm32f103xb.o
    0x20000658        -       0x00000400   Zero   RW            1    STACK               startup_stm32f103xb.o


==============================================================================

Image component sizes


      Code (inc. data)   RO Data    RW Data    ZI Data      Debug   Object Name

       884        208        202         10          0       7214   bno055.o
       132          0          0          0          0       2195   dma.o
       182          0          0          0          0       1578   gpio.o
       272          0          0          0        220       4643   i2c.o
       146          0          0          0          0       3414   i2c_sensordriver.o
       974        354        353          0          4       7383   main.o
       298          0          0          0        224       4432   spi.o
        64         26        236          0       1536        812   startup_stm32f103xb.o
       188          0          0          8          4       5759   stm32f1xx_hal.o
       194          0          0          0          0       8485   stm32f1xx_hal_cortex.o
       926          0          0          0          0       8400   stm32f1xx_hal_dma.o
       540         22          0          0          0       4605   stm32f1xx_hal_gpio.o
      6094          0          0          0          0      53258   stm32f1xx_hal_i2c.o
        66          0          0          0          0       1213   stm32f1xx_hal_msp.o
      1470          0         18          0          0       7659   stm32f1xx_hal_rcc.o
       172          0          0          0          0      24215   stm32f1xx_hal_spi.o
      1042          0          0          0          0      23598   stm32f1xx_hal_uart.o
       104          0          0          0          0       4418   stm32f1xx_it.o
         2          0         24          4          0       1639   system_stm32f1xx.o
       484          0          0          0        272       5882   usart.o

    ----------------------------------------------------------------------
     14324        610        868         24       2264     180802   Object Totals
         0          0         32          0          0          0   (incl. Generated)
        90          0          3          2          4          0   (incl. Padding)

    ----------------------------------------------------------------------

      Code (inc. data)   RO Data    RW Data    ZI Data      Debug   Library Member Name

         8          0          0          0          0         68   __main.o
       312          4         17          0          0         92   __printf_flags_wp.o
        14          0          0          0          0         68   __printf_wp.o
         0          0          0          0          0          0   __rtentry.o
        12          0          0          0          0          0   __rtentry2.o
         6          0          0          0          0          0   __rtentry4.o
        52          8          0          0          0          0   __scatter.o
        26          0          0          0          0          0   __scatter_copy.o
        28          0          0          0          0          0   __scatter_zi.o
        48          6          0          0          0         96   _printf_char_common.o
        36          4          0          0          0         80   _printf_char_file.o
         6          0          0          0          0          0   _printf_d.o
       120         16          0          0          0         92   _printf_dec.o
         6          0          0          0          0          0   _printf_f.o
      1052          0          0          0          0        148   _printf_fp_dec.o
       128         16          0          0          0         84   _printf_fp_infnan.o
        88          4         40          0          0         88   _printf_hex_int.o
       178          0          0          0          0         88   _printf_intcommon.o
        78          0          0          0          0        108   _printf_pad.o
         0          0          0          0          0          0   _printf_percent.o
         4          0          0          0          0          0   _printf_percent_end.o
         6          0          0          0          0          0   _printf_x.o
       228          4        148          0          0         96   bigflt0.o
      1936        128          0          0          0        668   btod.o
        10          0          0          0          0         68   defsig_exit.o
        50          0          0          0          0         88   defsig_general.o
        80         58          0          0          0         76   defsig_rtmem_inner.o
        14          0          0          0          0         80   defsig_rtmem_outer.o
        52         38          0          0          0         76   defsig_rtred_inner.o
        14          0          0          0          0         80   defsig_rtred_outer.o
        18          0          0          0          0         80   exit.o
        76          0          0          0          0         88   fclose.o
         8          0          0          0          0         68   ferror.o
       482          0          0          0          0         92   flsbuf.o
       240          6          0          0          0        128   fopen.o
        28          0          0          0          0         68   fputc.o
       248          6          0          0          0         84   fseek.o
        66          0          0          0          0         76   ftell.o
        94          0          0          0          0         80   h1_alloc.o
        52          0          0          0          0         68   h1_extend.o
        78          0          0          0          0         80   h1_free.o
        14          0          0          0          0         84   h1_init.o
         6          0          0          0          0        152   heapauxi.o
         4          0          0          0          0        136   hguard.o
         0          0          0          0          0          0   indicate_semi.o
       138          0          0          0          0        168   init_alloc.o
       312         46          0          0          0        112   initio.o
        44         10         28          0          0         76   lc_numeric_c.o
         2          0          0          0          0          0   libinit.o
        30          0          0          0          0          0   libinit2.o
         2          0          0          0          0          0   libshutdown.o
         6          0          0          0          0          0   libshutdown2.o
         8          4          0          0         96         68   libspace.o
       138          0          0          0          0         80   lludiv10.o
         0          0          0          0          0          0   maybetermalloc1.o
        24          4          0          0          0         84   noretval__2printf.o
        44          4          0          0          0         84   puts.o
         8          4          0          0          0         68   rt_errno_addr_intlibspace.o
         8          4          0          0          0         68   rt_heap_descriptor_intlibspace.o
         8          4          0          0          0         68   rt_locale_intlibspace.o
        78          0          0          0          0         80   rt_memclr_w.o
         2          0          0          0          0          0   rtexit.o
        10          0          0          0          0          0   rtexit2.o
        70          0          0          0          0         80   setvbuf.o
       240          6          0          0          0        156   stdio.o
         0          0          0         12        252          0   stdio_streams.o
       128          0          0          0          0         68   strcmpv7m.o
        62          0          0          0          0         76   strlen.o
        12          4          0          0          0         68   sys_exit.o
       102          0          0          0          0        240   sys_io.o
         0          0         12          0          0          0   sys_io_names.o
        74          0          0          0          0         80   sys_stackheap_outer.o
        14          0          0          0          0         76   sys_wrch.o
         2          0          0          0          0         68   use_no_semi.o
       692        140          0          0          0        216   ddiv.o
        84          0          0          0          0        136   dflt_clz.o
       156          4          0          0          0         92   dnaninf.o
        12          0          0          0          0         68   dretinf.o
         4          0          0          0          0         68   printf1.o
         0          0          0          0          0          0   usenofp.o
        40          0          0          0          0         68   fpclassify.o

    ----------------------------------------------------------------------
      8580        532        248         12        348       6044   Library Totals
        20          0          3          0          0          0   (incl. Padding)

    ----------------------------------------------------------------------

      Code (inc. data)   RO Data    RW Data    ZI Data      Debug   Library Name

      7572        388        245         12        348       5396   c_w.l
       948        144          0          0          0        580   fz_ws.l
        40          0          0          0          0         68   m_ws.l

    ----------------------------------------------------------------------
      8580        532        248         12        348       6044   Library Totals

    ----------------------------------------------------------------------

==============================================================================


      Code (inc. data)   RO Data    RW Data    ZI Data      Debug   

     22904       1142       1116         36       2612     183206   Grand Totals
     22904       1142       1116         36       2612     183206   ELF Image Totals
     22904       1142       1116         36          0          0   ROM Totals

==============================================================================

    Total RO  Size (Code + RO Data)                24020 (  23.46kB)
    Total RW  Size (RW Data + ZI Data)              2648 (   2.59kB)
    Total ROM Size (Code + RO Data + RW Data)      24056 (  23.49kB)

==============================================================================

