Component: Arm Compiler for Embedded 6.18 Tool: armlink [5e4cc100]

==============================================================================

Section Cross References

    main.o(.text.main) refers to _tim_config.o(.text.initSysClck) for initSysClck
    main.o(.text.main) refers to _hal_gpio.o(.text.gpio_init) for gpio_init
    main.o(.text.main) refers to _tim_config.o(.text.initTimer) for initTimer
    main.o(.text.main) refers to main.o(.text.__NVIC_EnableIRQ) for __NVIC_EnableIRQ
    main.o(.text.main) refers to main.o(.text.__NVIC_SetPriority) for __NVIC_SetPriority
    main.o(.ARM.exidx.text.main) refers to main.o(.text.main) for [Anonymous Symbol]
    main.o(.ARM.exidx.text.__NVIC_EnableIRQ) refers to main.o(.text.__NVIC_EnableIRQ) for [Anonymous Symbol]
    main.o(.ARM.exidx.text.__NVIC_SetPriority) refers to main.o(.text.__NVIC_SetPriority) for [Anonymous Symbol]
    _tim_config.o(.text.initTimer) refers to _tim_config.o(.text.__NVIC_EnableIRQ) for __NVIC_EnableIRQ
    _tim_config.o(.text.initTimer) refers to _tim_config.o(.text.__NVIC_SetPriority) for __NVIC_SetPriority
    _tim_config.o(.ARM.exidx.text.initTimer) refers to _tim_config.o(.text.initTimer) for [Anonymous Symbol]
    _tim_config.o(.ARM.exidx.text.__NVIC_EnableIRQ) refers to _tim_config.o(.text.__NVIC_EnableIRQ) for [Anonymous Symbol]
    _tim_config.o(.ARM.exidx.text.__NVIC_SetPriority) refers to _tim_config.o(.text.__NVIC_SetPriority) for [Anonymous Symbol]
    _tim_config.o(.ARM.exidx.text.timerEnable) refers to _tim_config.o(.text.timerEnable) for [Anonymous Symbol]
    _tim_config.o(.ARM.exidx.text.timerDisable) refers to _tim_config.o(.text.timerDisable) for [Anonymous Symbol]
    _tim_config.o(.ARM.exidx.text.timerSetARR) refers to _tim_config.o(.text.timerSetARR) for [Anonymous Symbol]
    _tim_config.o(.ARM.exidx.text.timerGetCounterValue) refers to _tim_config.o(.text.timerGetCounterValue) for [Anonymous Symbol]
    _tim_config.o(.text.delayUS) refers to _tim_config.o(.bss.myTicks) for myTicks
    _tim_config.o(.text.delayUS) refers to _tim_config.o(.text.timerDisable) for timerDisable
    _tim_config.o(.ARM.exidx.text.delayUS) refers to _tim_config.o(.text.delayUS) for [Anonymous Symbol]
    _tim_config.o(.text.delayMS) refers to _tim_config.o(.bss.msTicks) for msTicks
    _tim_config.o(.ARM.exidx.text.delayMS) refers to _tim_config.o(.text.delayMS) for [Anonymous Symbol]
    _tim_config.o(.ARM.exidx.text.initSysClck) refers to _tim_config.o(.text.initSysClck) for [Anonymous Symbol]
    _tim_config.o(.text.TIM2_IRQHandler) refers to _hal_gpio.o(.text.gpio_toggle) for gpio_toggle
    _tim_config.o(.ARM.exidx.text.TIM2_IRQHandler) refers to _tim_config.o(.text.TIM2_IRQHandler) for [Anonymous Symbol]
    _tim_config.o(.text.TIM3_IRQHandler) refers to _hal_gpio.o(.text.gpio_toggle) for gpio_toggle
    _tim_config.o(.ARM.exidx.text.TIM3_IRQHandler) refers to _tim_config.o(.text.TIM3_IRQHandler) for [Anonymous Symbol]
    _tim_config.o(.text.TIM4_IRQHandler) refers to _hal_gpio.o(.text.gpio_toggle) for gpio_toggle
    _tim_config.o(.ARM.exidx.text.TIM4_IRQHandler) refers to _tim_config.o(.text.TIM4_IRQHandler) for [Anonymous Symbol]
    _tim_config.o(.text.SysTick_Handler) refers to _tim_config.o(.bss.msTicks) for msTicks
    _tim_config.o(.ARM.exidx.text.SysTick_Handler) refers to _tim_config.o(.text.SysTick_Handler) for [Anonymous Symbol]
    _hal_gpio.o(.ARM.exidx.text.gpio_write) refers to _hal_gpio.o(.text.gpio_write) for [Anonymous Symbol]
    _hal_gpio.o(.ARM.exidx.text.gpio_toggle) refers to _hal_gpio.o(.text.gpio_toggle) for [Anonymous Symbol]
    _hal_gpio.o(.text.gpio_init) refers to _hal_gpio.o(.text.config_pin) for config_pin
    _hal_gpio.o(.text.gpio_init) refers to _hal_gpio.o(.text.config_pin_speed) for config_pin_speed
    _hal_gpio.o(.ARM.exidx.text.gpio_init) refers to _hal_gpio.o(.text.gpio_init) for [Anonymous Symbol]
    _hal_gpio.o(.text.config_pin) refers to _hal_gpio.o(.data.PINPOS) for PINPOS
    _hal_gpio.o(.ARM.exidx.text.config_pin) refers to _hal_gpio.o(.text.config_pin) for [Anonymous Symbol]
    _hal_gpio.o(.text.config_pin_speed) refers to _hal_gpio.o(.data.PINPOS) for PINPOS
    _hal_gpio.o(.ARM.exidx.text.config_pin_speed) refers to _hal_gpio.o(.text.config_pin_speed) for [Anonymous Symbol]
    _hal_gpio.o(.ARM.exidx.text.config_gpio_interrupt) refers to _hal_gpio.o(.text.config_gpio_interrupt) for [Anonymous Symbol]
    _hal_gpio.o(.text.enable_gpio_interrupt) refers to _hal_gpio.o(.text.__NVIC_SetPriority) for __NVIC_SetPriority
    _hal_gpio.o(.text.enable_gpio_interrupt) refers to _hal_gpio.o(.text.__NVIC_EnableIRQ) for __NVIC_EnableIRQ
    _hal_gpio.o(.ARM.exidx.text.enable_gpio_interrupt) refers to _hal_gpio.o(.text.enable_gpio_interrupt) for [Anonymous Symbol]
    _hal_gpio.o(.ARM.exidx.text.__NVIC_SetPriority) refers to _hal_gpio.o(.text.__NVIC_SetPriority) for [Anonymous Symbol]
    _hal_gpio.o(.ARM.exidx.text.__NVIC_EnableIRQ) refers to _hal_gpio.o(.text.__NVIC_EnableIRQ) for [Anonymous Symbol]
    _hal_gpio.o(.text.enable_gpio_IRQ) refers to _hal_gpio.o(.text.__NVIC_EnableIRQ) for __NVIC_EnableIRQ
    _hal_gpio.o(.ARM.exidx.text.enable_gpio_IRQ) refers to _hal_gpio.o(.text.enable_gpio_IRQ) for [Anonymous Symbol]
    _hal_gpio.o(.ARM.exidx.text.clear_gpio_interrupt) refers to _hal_gpio.o(.text.clear_gpio_interrupt) for [Anonymous Symbol]
    _uart.o(.ARM.exidx.text.DMA1_Channel4_IRQHandler) refers to _uart.o(.text.DMA1_Channel4_IRQHandler) for [Anonymous Symbol]
    _uart.o(.ARM.exidx.text.DMA1_Channel5_IRQHandler) refers to _uart.o(.text.DMA1_Channel5_IRQHandler) for [Anonymous Symbol]
    startup_stm32f10x_md.o(STACK) refers (Special) to heapauxi.o(.text) for __use_two_region_memory
    startup_stm32f10x_md.o(HEAP) refers (Special) to heapauxi.o(.text) for __use_two_region_memory
    startup_stm32f10x_md.o(RESET) refers (Special) to heapauxi.o(.text) for __use_two_region_memory
    startup_stm32f10x_md.o(RESET) refers to startup_stm32f10x_md.o(STACK) for __initial_sp
    startup_stm32f10x_md.o(RESET) refers to startup_stm32f10x_md.o(.text) for Reset_Handler
    startup_stm32f10x_md.o(RESET) refers to _tim_config.o(.text.SysTick_Handler) for SysTick_Handler
    startup_stm32f10x_md.o(RESET) refers to _uart.o(.text.DMA1_Channel4_IRQHandler) for DMA1_Channel4_IRQHandler
    startup_stm32f10x_md.o(RESET) refers to _uart.o(.text.DMA1_Channel5_IRQHandler) for DMA1_Channel5_IRQHandler
    startup_stm32f10x_md.o(RESET) refers to _tim_config.o(.text.TIM2_IRQHandler) for TIM2_IRQHandler
    startup_stm32f10x_md.o(RESET) refers to _tim_config.o(.text.TIM3_IRQHandler) for TIM3_IRQHandler
    startup_stm32f10x_md.o(RESET) refers to _tim_config.o(.text.TIM4_IRQHandler) for TIM4_IRQHandler
    startup_stm32f10x_md.o(.text) refers (Special) to heapauxi.o(.text) for __use_two_region_memory
    startup_stm32f10x_md.o(.text) refers to system_stm32f10x.o(.text.SystemInit) for SystemInit
    startup_stm32f10x_md.o(.text) refers to __main.o(!!!main) for __main
    startup_stm32f10x_md.o(.text) refers to startup_stm32f10x_md.o(HEAP) for Heap_Mem
    startup_stm32f10x_md.o(.text) refers to startup_stm32f10x_md.o(STACK) for Stack_Mem
    system_stm32f10x.o(.text.SystemInit) refers to system_stm32f10x.o(.text.SetSysClock) for SetSysClock
    system_stm32f10x.o(.ARM.exidx.text.SystemInit) refers to system_stm32f10x.o(.text.SystemInit) for [Anonymous Symbol]
    system_stm32f10x.o(.text.SetSysClock) refers to system_stm32f10x.o(.text.SetSysClockTo72) for SetSysClockTo72
    system_stm32f10x.o(.ARM.exidx.text.SetSysClock) refers to system_stm32f10x.o(.text.SetSysClock) for [Anonymous Symbol]
    system_stm32f10x.o(.text.SystemCoreClockUpdate) refers to system_stm32f10x.o(.data.SystemCoreClock) for SystemCoreClock
    system_stm32f10x.o(.text.SystemCoreClockUpdate) refers to system_stm32f10x.o(.rodata.AHBPrescTable) for AHBPrescTable
    system_stm32f10x.o(.ARM.exidx.text.SystemCoreClockUpdate) refers to system_stm32f10x.o(.text.SystemCoreClockUpdate) for [Anonymous Symbol]
    system_stm32f10x.o(.ARM.exidx.text.SetSysClockTo72) refers to system_stm32f10x.o(.text.SetSysClockTo72) for [Anonymous Symbol]
    __main.o(!!!main) refers to __rtentry.o(.ARM.Collect$$rtentry$$00000000) for __rt_entry
    __rtentry.o(.ARM.Collect$$rtentry$$00000000) refers (Special) to __rtentry2.o(.ARM.Collect$$rtentry$$0000000A) for __rt_entry_li
    __rtentry.o(.ARM.Collect$$rtentry$$00000000) refers (Special) to __rtentry2.o(.ARM.Collect$$rtentry$$0000000D) for __rt_entry_main
    __rtentry.o(.ARM.Collect$$rtentry$$00000000) refers (Special) to __rtentry2.o(.ARM.Collect$$rtentry$$0000000C) for __rt_entry_postli_1
    __rtentry.o(.ARM.Collect$$rtentry$$00000000) refers (Special) to __rtentry2.o(.ARM.Collect$$rtentry$$00000009) for __rt_entry_postsh_1
    __rtentry.o(.ARM.Collect$$rtentry$$00000000) refers (Special) to __rtentry2.o(.ARM.Collect$$rtentry$$00000002) for __rt_entry_presh_1
    __rtentry.o(.ARM.Collect$$rtentry$$00000000) refers (Special) to __rtentry4.o(.ARM.Collect$$rtentry$$00000004) for __rt_entry_sh
    __rtentry2.o(.ARM.Collect$$rtentry$$00000008) refers to boardinit2.o(.text) for _platform_post_stackheap_init
    __rtentry2.o(.ARM.Collect$$rtentry$$0000000A) refers to libinit.o(.ARM.Collect$$libinit$$00000000) for __rt_lib_init
    __rtentry2.o(.ARM.Collect$$rtentry$$0000000B) refers to boardinit3.o(.text) for _platform_post_lib_init
    __rtentry2.o(.ARM.Collect$$rtentry$$0000000D) refers to main.o(.text.main) for main
    __rtentry2.o(.ARM.Collect$$rtentry$$0000000D) refers to exit.o(.text) for exit
    __rtentry2.o(.ARM.exidx) refers to __rtentry2.o(.ARM.Collect$$rtentry$$00000001) for .ARM.Collect$$rtentry$$00000001
    __rtentry2.o(.ARM.exidx) refers to __rtentry2.o(.ARM.Collect$$rtentry$$00000008) for .ARM.Collect$$rtentry$$00000008
    __rtentry2.o(.ARM.exidx) refers to __rtentry2.o(.ARM.Collect$$rtentry$$0000000A) for .ARM.Collect$$rtentry$$0000000A
    __rtentry2.o(.ARM.exidx) refers to __rtentry2.o(.ARM.Collect$$rtentry$$0000000B) for .ARM.Collect$$rtentry$$0000000B
    __rtentry2.o(.ARM.exidx) refers to __rtentry2.o(.ARM.Collect$$rtentry$$0000000D) for .ARM.Collect$$rtentry$$0000000D
    __rtentry4.o(.ARM.Collect$$rtentry$$00000004) refers to sys_stackheap_outer.o(.text) for __user_setup_stackheap
    __rtentry4.o(.ARM.exidx) refers to __rtentry4.o(.ARM.Collect$$rtentry$$00000004) for .ARM.Collect$$rtentry$$00000004
    sys_stackheap_outer.o(.text) refers to libspace.o(.text) for __user_perproc_libspace
    sys_stackheap_outer.o(.text) refers to startup_stm32f10x_md.o(.text) for __user_initial_stackheap
    exit.o(.text) refers to rtexit.o(.ARM.Collect$$rtexit$$00000000) for __rt_exit
    libinit.o(.ARM.Collect$$libinit$$00000000) refers (Special) to libinit2.o(.ARM.Collect$$libinit$$00000030) for __rt_lib_init_alloca_1
    libinit.o(.ARM.Collect$$libinit$$00000000) refers (Special) to libinit2.o(.ARM.Collect$$libinit$$0000002E) for __rt_lib_init_argv_1
    libinit.o(.ARM.Collect$$libinit$$00000000) refers (Special) to libinit2.o(.ARM.Collect$$libinit$$0000001D) for __rt_lib_init_atexit_1
    libinit.o(.ARM.Collect$$libinit$$00000000) refers (Special) to libinit2.o(.ARM.Collect$$libinit$$00000023) for __rt_lib_init_clock_1
    libinit.o(.ARM.Collect$$libinit$$00000000) refers (Special) to libinit2.o(.ARM.Collect$$libinit$$00000034) for __rt_lib_init_cpp_1
    libinit.o(.ARM.Collect$$libinit$$00000000) refers (Special) to libinit2.o(.ARM.Collect$$libinit$$00000032) for __rt_lib_init_exceptions_1
    libinit.o(.ARM.Collect$$libinit$$00000000) refers (Special) to libinit2.o(.ARM.Collect$$libinit$$00000002) for __rt_lib_init_fp_1
    libinit.o(.ARM.Collect$$libinit$$00000000) refers (Special) to libinit2.o(.ARM.Collect$$libinit$$00000021) for __rt_lib_init_fp_trap_1
    libinit.o(.ARM.Collect$$libinit$$00000000) refers (Special) to libinit2.o(.ARM.Collect$$libinit$$00000025) for __rt_lib_init_getenv_1
    libinit.o(.ARM.Collect$$libinit$$00000000) refers (Special) to libinit2.o(.ARM.Collect$$libinit$$0000000C) for __rt_lib_init_heap_1
    libinit.o(.ARM.Collect$$libinit$$00000000) refers (Special) to libinit2.o(.ARM.Collect$$libinit$$00000013) for __rt_lib_init_lc_collate_1
    libinit.o(.ARM.Collect$$libinit$$00000000) refers (Special) to libinit2.o(.ARM.Collect$$libinit$$00000015) for __rt_lib_init_lc_ctype_1
    libinit.o(.ARM.Collect$$libinit$$00000000) refers (Special) to libinit2.o(.ARM.Collect$$libinit$$00000017) for __rt_lib_init_lc_monetary_1
    libinit.o(.ARM.Collect$$libinit$$00000000) refers (Special) to libinit2.o(.ARM.Collect$$libinit$$00000019) for __rt_lib_init_lc_numeric_1
    libinit.o(.ARM.Collect$$libinit$$00000000) refers (Special) to libinit2.o(.ARM.Collect$$libinit$$0000001B) for __rt_lib_init_lc_time_1
    libinit.o(.ARM.Collect$$libinit$$00000000) refers (Special) to libinit2.o(.ARM.Collect$$libinit$$00000006) for __rt_lib_init_preinit_1
    libinit.o(.ARM.Collect$$libinit$$00000000) refers (Special) to libinit2.o(.ARM.Collect$$libinit$$00000010) for __rt_lib_init_rand_1
    libinit.o(.ARM.Collect$$libinit$$00000000) refers (Special) to libinit2.o(.ARM.Collect$$libinit$$00000004) for __rt_lib_init_relocate_pie_1
    libinit.o(.ARM.Collect$$libinit$$00000000) refers (Special) to libinit2.o(.ARM.Collect$$libinit$$00000035) for __rt_lib_init_return
    libinit.o(.ARM.Collect$$libinit$$00000000) refers (Special) to libinit2.o(.ARM.Collect$$libinit$$0000001F) for __rt_lib_init_signal_1
    libinit.o(.ARM.Collect$$libinit$$00000000) refers (Special) to libinit2.o(.ARM.Collect$$libinit$$00000027) for __rt_lib_init_stdio_1
    libinit.o(.ARM.Collect$$libinit$$00000000) refers (Special) to libinit2.o(.ARM.Collect$$libinit$$0000000E) for __rt_lib_init_user_alloc_1
    libspace.o(.text) refers to libspace.o(.bss) for __libspace_start
    rtexit.o(.ARM.Collect$$rtexit$$00000000) refers (Special) to rtexit2.o(.ARM.Collect$$rtexit$$00000004) for __rt_exit_exit
    rtexit.o(.ARM.Collect$$rtexit$$00000000) refers (Special) to rtexit2.o(.ARM.Collect$$rtexit$$00000003) for __rt_exit_ls
    rtexit.o(.ARM.Collect$$rtexit$$00000000) refers (Special) to rtexit2.o(.ARM.Collect$$rtexit$$00000002) for __rt_exit_prels_1
    rtexit.o(.ARM.exidx) refers (Special) to rtexit2.o(.ARM.Collect$$rtexit$$00000004) for __rt_exit_exit
    rtexit.o(.ARM.exidx) refers (Special) to rtexit2.o(.ARM.Collect$$rtexit$$00000003) for __rt_exit_ls
    rtexit.o(.ARM.exidx) refers (Special) to rtexit2.o(.ARM.Collect$$rtexit$$00000002) for __rt_exit_prels_1
    rtexit.o(.ARM.exidx) refers to rtexit.o(.ARM.Collect$$rtexit$$00000000) for .ARM.Collect$$rtexit$$00000000
    libinit2.o(.ARM.Collect$$libinit$$00000012) refers to libinit2.o(.ARM.Collect$$libinit$$00000011) for .ARM.Collect$$libinit$$00000011
    libinit2.o(.ARM.Collect$$libinit$$00000014) refers to libinit2.o(.ARM.Collect$$libinit$$00000011) for .ARM.Collect$$libinit$$00000011
    libinit2.o(.ARM.Collect$$libinit$$00000016) refers to libinit2.o(.ARM.Collect$$libinit$$00000011) for .ARM.Collect$$libinit$$00000011
    libinit2.o(.ARM.Collect$$libinit$$00000018) refers to libinit2.o(.ARM.Collect$$libinit$$00000011) for .ARM.Collect$$libinit$$00000011
    libinit2.o(.ARM.Collect$$libinit$$0000001A) refers to libinit2.o(.ARM.Collect$$libinit$$00000011) for .ARM.Collect$$libinit$$00000011
    libinit2.o(.ARM.Collect$$libinit$$00000028) refers to argv_veneer.o(.emb_text) for __ARM_argv_veneer
    libinit2.o(.ARM.Collect$$libinit$$00000029) refers to argv_veneer.o(.emb_text) for __ARM_argv_veneer
    rtexit2.o(.ARM.Collect$$rtexit$$00000003) refers to libshutdown.o(.ARM.Collect$$libshutdown$$00000000) for __rt_lib_shutdown
    rtexit2.o(.ARM.Collect$$rtexit$$00000004) refers to sys_exit.o(.text) for _sys_exit
    rtexit2.o(.ARM.exidx) refers to rtexit2.o(.ARM.Collect$$rtexit$$00000001) for .ARM.Collect$$rtexit$$00000001
    rtexit2.o(.ARM.exidx) refers to rtexit2.o(.ARM.Collect$$rtexit$$00000003) for .ARM.Collect$$rtexit$$00000003
    rtexit2.o(.ARM.exidx) refers to rtexit2.o(.ARM.Collect$$rtexit$$00000004) for .ARM.Collect$$rtexit$$00000004
    argv_veneer.o(.emb_text) refers to no_argv.o(.text) for __ARM_get_argv
    sys_exit.o(.text) refers (Special) to use_no_semi.o(.text) for __I$use$semihosting
    sys_exit.o(.text) refers (Special) to indicate_semi.o(.text) for __semihosting_library_function
    sys_exit_hlt.o(.text) refers (Special) to use_no_semi.o(.text) for __I$use$semihosting
    sys_exit_hlt.o(.text) refers (Special) to indicate_semi.o(.text) for __semihosting_library_function
    _get_argv_nomalloc.o(.text) refers (Special) to hrguard.o(.text) for __heap_region$guard
    _get_argv_nomalloc.o(.text) refers to defsig_rtmem_outer.o(.text) for __rt_SIGRTMEM
    _get_argv_nomalloc.o(.text) refers to sys_command.o(.text) for _sys_command_string
    libshutdown.o(.ARM.Collect$$libshutdown$$00000000) refers (Special) to libshutdown2.o(.ARM.Collect$$libshutdown$$00000002) for __rt_lib_shutdown_cpp_1
    libshutdown.o(.ARM.Collect$$libshutdown$$00000000) refers (Special) to libshutdown2.o(.ARM.Collect$$libshutdown$$00000007) for __rt_lib_shutdown_fp_trap_1
    libshutdown.o(.ARM.Collect$$libshutdown$$00000000) refers (Special) to libshutdown2.o(.ARM.Collect$$libshutdown$$0000000F) for __rt_lib_shutdown_heap_1
    libshutdown.o(.ARM.Collect$$libshutdown$$00000000) refers (Special) to libshutdown2.o(.ARM.Collect$$libshutdown$$00000010) for __rt_lib_shutdown_return
    libshutdown.o(.ARM.Collect$$libshutdown$$00000000) refers (Special) to libshutdown2.o(.ARM.Collect$$libshutdown$$0000000A) for __rt_lib_shutdown_signal_1
    libshutdown.o(.ARM.Collect$$libshutdown$$00000000) refers (Special) to libshutdown2.o(.ARM.Collect$$libshutdown$$00000004) for __rt_lib_shutdown_stdio_1
    libshutdown.o(.ARM.Collect$$libshutdown$$00000000) refers (Special) to libshutdown2.o(.ARM.Collect$$libshutdown$$0000000C) for __rt_lib_shutdown_user_alloc_1
    sys_command.o(.text) refers (Special) to use_no_semi.o(.text) for __I$use$semihosting
    sys_command.o(.text) refers (Special) to indicate_semi.o(.text) for __semihosting_library_function
    sys_command_hlt.o(.text) refers (Special) to use_no_semi.o(.text) for __I$use$semihosting
    sys_command_hlt.o(.text) refers (Special) to indicate_semi.o(.text) for __semihosting_library_function
    defsig_rtmem_outer.o(.text) refers to defsig_rtmem_inner.o(.text) for __rt_SIGRTMEM_inner
    defsig_rtmem_outer.o(.text) refers to defsig_exit.o(.text) for __sig_exit
    defsig_rtmem_formal.o(.text) refers to rt_raise.o(.text) for __rt_raise
    rt_raise.o(.text) refers to __raise.o(.text) for __raise
    rt_raise.o(.text) refers to sys_exit.o(.text) for _sys_exit
    defsig_exit.o(.text) refers to sys_exit.o(.text) for _sys_exit
    defsig_rtmem_inner.o(.text) refers to defsig_general.o(.text) for __default_signal_display
    __raise.o(.text) refers to defsig.o(CL$$defsig) for __default_signal_handler
    defsig_general.o(.text) refers to sys_wrch.o(.text) for _ttywrch
    sys_wrch.o(.text) refers (Special) to use_no_semi.o(.text) for __I$use$semihosting
    sys_wrch.o(.text) refers (Special) to indicate_semi.o(.text) for __semihosting_library_function
    sys_wrch_hlt.o(.text) refers (Special) to use_no_semi.o(.text) for __I$use$semihosting
    sys_wrch_hlt.o(.text) refers (Special) to indicate_semi.o(.text) for __semihosting_library_function
    defsig.o(CL$$defsig) refers to defsig_rtmem_inner.o(.text) for __rt_SIGRTMEM_inner
    defsig_abrt_inner.o(.text) refers to defsig_general.o(.text) for __default_signal_display
    defsig_fpe_inner.o(.text) refers to defsig_general.o(.text) for __default_signal_display
    defsig_rtred_inner.o(.text) refers to defsig_general.o(.text) for __default_signal_display
    defsig_stak_inner.o(.text) refers to defsig_general.o(.text) for __default_signal_display
    defsig_pvfn_inner.o(.text) refers to defsig_general.o(.text) for __default_signal_display
    defsig_cppl_inner.o(.text) refers to defsig_general.o(.text) for __default_signal_display
    defsig_segv_inner.o(.text) refers to defsig_general.o(.text) for __default_signal_display
    defsig_other.o(.text) refers to defsig_general.o(.text) for __default_signal_display


==============================================================================

Removing Unused input sections from the image.

    Removing main.o(.text), (0 bytes).
    Removing main.o(.ARM.exidx.text.main), (8 bytes).
    Removing main.o(.ARM.exidx.text.__NVIC_EnableIRQ), (8 bytes).
    Removing main.o(.ARM.exidx.text.__NVIC_SetPriority), (8 bytes).
    Removing main.o(.ARM.use_no_argv), (4 bytes).
    Removing _tim_config.o(.text), (0 bytes).
    Removing _tim_config.o(.ARM.exidx.text.initTimer), (8 bytes).
    Removing _tim_config.o(.ARM.exidx.text.__NVIC_EnableIRQ), (8 bytes).
    Removing _tim_config.o(.ARM.exidx.text.__NVIC_SetPriority), (8 bytes).
    Removing _tim_config.o(.text.timerEnable), (18 bytes).
    Removing _tim_config.o(.ARM.exidx.text.timerEnable), (8 bytes).
    Removing _tim_config.o(.text.timerDisable), (18 bytes).
    Removing _tim_config.o(.ARM.exidx.text.timerDisable), (8 bytes).
    Removing _tim_config.o(.text.timerSetARR), (22 bytes).
    Removing _tim_config.o(.ARM.exidx.text.timerSetARR), (8 bytes).
    Removing _tim_config.o(.text.timerGetCounterValue), (12 bytes).
    Removing _tim_config.o(.ARM.exidx.text.timerGetCounterValue), (8 bytes).
    Removing _tim_config.o(.text.delayUS), (76 bytes).
    Removing _tim_config.o(.ARM.exidx.text.delayUS), (8 bytes).
    Removing _tim_config.o(.text.delayMS), (46 bytes).
    Removing _tim_config.o(.ARM.exidx.text.delayMS), (8 bytes).
    Removing _tim_config.o(.ARM.exidx.text.initSysClck), (8 bytes).
    Removing _tim_config.o(.ARM.exidx.text.TIM2_IRQHandler), (8 bytes).
    Removing _tim_config.o(.ARM.exidx.text.TIM3_IRQHandler), (8 bytes).
    Removing _tim_config.o(.ARM.exidx.text.TIM4_IRQHandler), (8 bytes).
    Removing _tim_config.o(.ARM.exidx.text.SysTick_Handler), (8 bytes).
    Removing _tim_config.o(.bss.myTicks), (8 bytes).
    Removing _hal_gpio.o(.text), (0 bytes).
    Removing _hal_gpio.o(.text.gpio_write), (50 bytes).
    Removing _hal_gpio.o(.ARM.exidx.text.gpio_write), (8 bytes).
    Removing _hal_gpio.o(.ARM.exidx.text.gpio_toggle), (8 bytes).
    Removing _hal_gpio.o(.ARM.exidx.text.gpio_init), (8 bytes).
    Removing _hal_gpio.o(.ARM.exidx.text.config_pin), (8 bytes).
    Removing _hal_gpio.o(.ARM.exidx.text.config_pin_speed), (8 bytes).
    Removing _hal_gpio.o(.text.config_gpio_interrupt), (1310 bytes).
    Removing _hal_gpio.o(.ARM.exidx.text.config_gpio_interrupt), (8 bytes).
    Removing _hal_gpio.o(.text.enable_gpio_interrupt), (56 bytes).
    Removing _hal_gpio.o(.ARM.exidx.text.enable_gpio_interrupt), (8 bytes).
    Removing _hal_gpio.o(.text.__NVIC_SetPriority), (66 bytes).
    Removing _hal_gpio.o(.ARM.exidx.text.__NVIC_SetPriority), (8 bytes).
    Removing _hal_gpio.o(.text.__NVIC_EnableIRQ), (48 bytes).
    Removing _hal_gpio.o(.ARM.exidx.text.__NVIC_EnableIRQ), (8 bytes).
    Removing _hal_gpio.o(.text.enable_gpio_IRQ), (44 bytes).
    Removing _hal_gpio.o(.ARM.exidx.text.enable_gpio_IRQ), (8 bytes).
    Removing _hal_gpio.o(.text.clear_gpio_interrupt), (30 bytes).
    Removing _hal_gpio.o(.ARM.exidx.text.clear_gpio_interrupt), (8 bytes).
    Removing _uart.o(.text), (0 bytes).
    Removing _uart.o(.ARM.exidx.text.DMA1_Channel4_IRQHandler), (8 bytes).
    Removing _uart.o(.ARM.exidx.text.DMA1_Channel5_IRQHandler), (8 bytes).
    Removing system_stm32f10x.o(.text), (0 bytes).
    Removing system_stm32f10x.o(.ARM.exidx.text.SystemInit), (8 bytes).
    Removing system_stm32f10x.o(.ARM.exidx.text.SetSysClock), (8 bytes).
    Removing system_stm32f10x.o(.text.SystemCoreClockUpdate), (290 bytes).
    Removing system_stm32f10x.o(.ARM.exidx.text.SystemCoreClockUpdate), (8 bytes).
    Removing system_stm32f10x.o(.ARM.exidx.text.SetSysClockTo72), (8 bytes).
    Removing system_stm32f10x.o(.data.SystemCoreClock), (4 bytes).
    Removing system_stm32f10x.o(.rodata.AHBPrescTable), (16 bytes).

57 unused section(s) (total 2390 bytes) removed from the image.
